Jun 21 01:13:17 arch kernel: microcode: microcode updated early to revision 0xf0, date = 2021-11-12
Jun 21 01:13:17 arch kernel: Linux version 5.18.5-arch1-1 (linux@archlinux) (gcc (GCC) 12.1.0, GNU ld (GNU Binutils) 2.38) #1 SMP PREEMPT_DYNAMIC Thu, 16 Jun 2022 20:40:45 +0000
Jun 21 01:13:17 arch kernel: Command line: BOOT_IMAGE=/vmlinuz-linux root=UUID=0d491568-6c85-422c-b079-f9c6e11275c6 rw rootfstype=ext4 loglevel=3 quiet
Jun 21 01:13:17 arch kernel: x86/fpu: Supporting XSAVE feature 0x001: 'x87 floating point registers'
Jun 21 01:13:17 arch kernel: x86/fpu: Supporting XSAVE feature 0x002: 'SSE registers'
Jun 21 01:13:17 arch kernel: x86/fpu: Supporting XSAVE feature 0x004: 'AVX registers'
Jun 21 01:13:17 arch kernel: x86/fpu: Supporting XSAVE feature 0x008: 'MPX bounds registers'
Jun 21 01:13:17 arch kernel: x86/fpu: Supporting XSAVE feature 0x010: 'MPX CSR'
Jun 21 01:13:17 arch kernel: x86/fpu: xstate_offset[2]:  576, xstate_sizes[2]:  256
Jun 21 01:13:17 arch kernel: x86/fpu: xstate_offset[3]:  832, xstate_sizes[3]:   64
Jun 21 01:13:17 arch kernel: x86/fpu: xstate_offset[4]:  896, xstate_sizes[4]:   64
Jun 21 01:13:17 arch kernel: x86/fpu: Enabled xstate features 0x1f, context size is 960 bytes, using 'compacted' format.
Jun 21 01:13:17 arch kernel: signal: max sigframe size: 2032
Jun 21 01:13:17 arch kernel: BIOS-provided physical RAM map:
Jun 21 01:13:17 arch kernel: BIOS-e820: [mem 0x0000000000000000-0x0000000000057fff] usable
Jun 21 01:13:17 arch kernel: BIOS-e820: [mem 0x0000000000058000-0x0000000000058fff] reserved
Jun 21 01:13:17 arch kernel: BIOS-e820: [mem 0x0000000000059000-0x000000000009dfff] usable
Jun 21 01:13:17 arch kernel: BIOS-e820: [mem 0x000000000009e000-0x00000000000fffff] reserved
Jun 21 01:13:17 arch kernel: BIOS-e820: [mem 0x0000000000100000-0x000000009f111fff] usable
Jun 21 01:13:17 arch kernel: BIOS-e820: [mem 0x000000009f112000-0x000000009f611fff] type 20
Jun 21 01:13:17 arch kernel: BIOS-e820: [mem 0x000000009f612000-0x000000009fd7efff] reserved
Jun 21 01:13:17 arch kernel: BIOS-e820: [mem 0x000000009fd7f000-0x000000009ff7efff] ACPI NVS
Jun 21 01:13:17 arch kernel: BIOS-e820: [mem 0x000000009ff7f000-0x000000009fffefff] ACPI data
Jun 21 01:13:17 arch kernel: BIOS-e820: [mem 0x000000009ffff000-0x000000009fffffff] usable
Jun 21 01:13:17 arch kernel: BIOS-e820: [mem 0x00000000a0000000-0x00000000cc7fffff] reserved
Jun 21 01:13:17 arch kernel: BIOS-e820: [mem 0x00000000f80fa000-0x00000000f80fafff] reserved
Jun 21 01:13:17 arch kernel: BIOS-e820: [mem 0x00000000f80fd000-0x00000000f80fdfff] reserved
Jun 21 01:13:17 arch kernel: BIOS-e820: [mem 0x00000000fe000000-0x00000000fe010fff] reserved
Jun 21 01:13:17 arch kernel: BIOS-e820: [mem 0x00000000fed20000-0x00000000fed7ffff] reserved
Jun 21 01:13:17 arch kernel: BIOS-e820: [mem 0x0000000100000000-0x00000004317fffff] usable
Jun 21 01:13:17 arch kernel: NX (Execute Disable) protection: active
Jun 21 01:13:17 arch kernel: efi: EFI v2.40 by HP
Jun 21 01:13:17 arch kernel: efi: ACPI=0x9fffe000 ACPI 2.0=0x9fffe014 SMBIOS=0x9f8f2000 ESRT=0x9f8ee918 
Jun 21 01:13:17 arch kernel: SMBIOS 2.7 present.
Jun 21 01:13:17 arch kernel: DMI: HP HP EliteBook 820 G3/807C, BIOS N75 Ver. 01.52 04/20/2021
Jun 21 01:13:17 arch kernel: tsc: Detected 2500.000 MHz processor
Jun 21 01:13:17 arch kernel: tsc: Detected 2499.952 MHz TSC
Jun 21 01:13:17 arch kernel: e820: update [mem 0x00000000-0x00000fff] usable ==> reserved
Jun 21 01:13:17 arch kernel: e820: remove [mem 0x000a0000-0x000fffff] usable
Jun 21 01:13:17 arch kernel: last_pfn = 0x431800 max_arch_pfn = 0x400000000
Jun 21 01:13:17 arch kernel: x86/PAT: Configuration [0-7]: WB  WC  UC- UC  WB  WP  UC- WT  
Jun 21 01:13:17 arch kernel: last_pfn = 0xa0000 max_arch_pfn = 0x400000000
Jun 21 01:13:17 arch kernel: esrt: Reserving ESRT space from 0x000000009f8ee918 to 0x000000009f8ee950.
Jun 21 01:13:17 arch kernel: Using GB pages for direct mapping
Jun 21 01:13:17 arch kernel: Secure boot disabled
Jun 21 01:13:17 arch kernel: RAMDISK: [mem 0x36491000-0x3723ffff]
Jun 21 01:13:17 arch kernel: ACPI: Early table checksum verification disabled
Jun 21 01:13:17 arch kernel: ACPI: RSDP 0x000000009FFFE014 000024 (v02 HPQOEM)
Jun 21 01:13:17 arch kernel: ACPI: XSDT 0x000000009FFBC188 0000DC (v01 HPQOEM SLIC-BPC 00000000      01000013)
Jun 21 01:13:17 arch kernel: ACPI: FACP 0x000000009FFEE000 0000F4 (v05 HPQOEM SLIC-BPC 00000000 HP   00000001)
Jun 21 01:13:17 arch kernel: ACPI: DSDT 0x000000009FFC4000 0267D4 (v02 HPQOEM 807C     00000000 INTL 20121018)
Jun 21 01:13:17 arch kernel: ACPI: FACS 0x000000009FF58000 000040
Jun 21 01:13:17 arch kernel: ACPI: SSDT 0x000000009FFFC000 000108 (v02 HP     ShmTable 00000001 INTL 20121018)
Jun 21 01:13:17 arch kernel: ACPI: TCPA 0x000000009FFFA000 000032 (v02 HPQOEM EDK2     00000002      01000013)
Jun 21 01:13:17 arch kernel: ACPI: SSDT 0x000000009FFF9000 0003B8 (v02 HPQOEM TcgTable 00001000 INTL 20121018)
Jun 21 01:13:17 arch kernel: ACPI: UEFI 0x000000009FF6A000 000042 (v01 HPQOEM EDK2     00000002      01000013)
Jun 21 01:13:17 arch kernel: ACPI: SSDT 0x000000009FFF3000 0051FA (v02 SaSsdt SaSsdt   00003000 INTL 20121018)
Jun 21 01:13:17 arch kernel: ACPI: SSDT 0x000000009FFF2000 0005B1 (v01 Intel  PerfTune 00001000 INTL 20121018)
Jun 21 01:13:17 arch kernel: ACPI: MSDM 0x000000009FFF1000 000055 (v03 HPQOEM SLIC-BPC 00000000 HP   00000001)
Jun 21 01:13:17 arch kernel: ACPI: SLIC 0x000000009FFF0000 000176 (v01 HPQOEM SLIC-BPC 00000001 HP   00000001)
Jun 21 01:13:17 arch kernel: ACPI: WSMT 0x000000009FFEF000 000028 (v01 HPQOEM 807C     00000001 HP   00000001)
Jun 21 01:13:17 arch kernel: ACPI: HPET 0x000000009FFED000 000038 (v01 HPQOEM 807C     00000001 HP   00000001)
Jun 21 01:13:17 arch kernel: ACPI: APIC 0x000000009FFEC000 0000BC (v01 HPQOEM 807C     00000001 HP   00000001)
Jun 21 01:13:17 arch kernel: ACPI: MCFG 0x000000009FFEB000 00003C (v01 HPQOEM 807C     00000001 HP   00000001)
Jun 21 01:13:17 arch kernel: ACPI: SSDT 0x000000009FFC3000 00019A (v02 HPQOEM Sata0Ide 00001000 INTL 20121018)
Jun 21 01:13:17 arch kernel: ACPI: SSDT 0x000000009FFC2000 000729 (v01 HPQOEM PtidDevc 00001000 INTL 20121018)
Jun 21 01:13:17 arch kernel: ACPI: SSDT 0x000000009FFC1000 0003DC (v02 HPQOEM SDS_RTD3 00001000 INTL 20121018)
Jun 21 01:13:17 arch kernel: ACPI: SSDT 0x000000009FFC0000 000E73 (v02 CpuRef CpuSsdt  00003000 INTL 20121018)
Jun 21 01:13:17 arch kernel: ACPI: DMAR 0x000000009FFBF000 0000CC (v01 INTEL  SKL      00000001 INTL 00000001)
Jun 21 01:13:17 arch kernel: ACPI: NHLT 0x000000009FFBE000 00002D (v00 INTEL  EDK2     00000002      01000013)
Jun 21 01:13:17 arch kernel: ACPI: ASF! 0x000000009FFBD000 0000A5 (v32 HPQOEM  UYA     00000001 TFSM 000F4240)
Jun 21 01:13:17 arch kernel: ACPI: FPDT 0x000000009FFFD000 000044 (v01 HPQOEM EDK2     00000002      01000013)
Jun 21 01:13:17 arch kernel: ACPI: BGRT 0x000000009FFBB000 000038 (v01 HPQOEM EDK2     00000002      01000013)
Jun 21 01:13:17 arch kernel: ACPI: SSDT 0x000000009FFFB000 000260 (v02 HP     PwrCtlEv 00000001 INTL 20121018)
Jun 21 01:13:17 arch kernel: ACPI: Reserving FACP table memory at [mem 0x9ffee000-0x9ffee0f3]
Jun 21 01:13:17 arch kernel: ACPI: Reserving DSDT table memory at [mem 0x9ffc4000-0x9ffea7d3]
Jun 21 01:13:17 arch kernel: ACPI: Reserving FACS table memory at [mem 0x9ff58000-0x9ff5803f]
Jun 21 01:13:17 arch kernel: ACPI: Reserving SSDT table memory at [mem 0x9fffc000-0x9fffc107]
Jun 21 01:13:17 arch kernel: ACPI: Reserving TCPA table memory at [mem 0x9fffa000-0x9fffa031]
Jun 21 01:13:17 arch kernel: ACPI: Reserving SSDT table memory at [mem 0x9fff9000-0x9fff93b7]
Jun 21 01:13:17 arch kernel: ACPI: Reserving UEFI table memory at [mem 0x9ff6a000-0x9ff6a041]
Jun 21 01:13:17 arch kernel: ACPI: Reserving SSDT table memory at [mem 0x9fff3000-0x9fff81f9]
Jun 21 01:13:17 arch kernel: ACPI: Reserving SSDT table memory at [mem 0x9fff2000-0x9fff25b0]
Jun 21 01:13:17 arch kernel: ACPI: Reserving MSDM table memory at [mem 0x9fff1000-0x9fff1054]
Jun 21 01:13:17 arch kernel: ACPI: Reserving SLIC table memory at [mem 0x9fff0000-0x9fff0175]
Jun 21 01:13:17 arch kernel: ACPI: Reserving WSMT table memory at [mem 0x9ffef000-0x9ffef027]
Jun 21 01:13:17 arch kernel: ACPI: Reserving HPET table memory at [mem 0x9ffed000-0x9ffed037]
Jun 21 01:13:17 arch kernel: ACPI: Reserving APIC table memory at [mem 0x9ffec000-0x9ffec0bb]
Jun 21 01:13:17 arch kernel: ACPI: Reserving MCFG table memory at [mem 0x9ffeb000-0x9ffeb03b]
Jun 21 01:13:17 arch kernel: ACPI: Reserving SSDT table memory at [mem 0x9ffc3000-0x9ffc3199]
Jun 21 01:13:17 arch kernel: ACPI: Reserving SSDT table memory at [mem 0x9ffc2000-0x9ffc2728]
Jun 21 01:13:17 arch kernel: ACPI: Reserving SSDT table memory at [mem 0x9ffc1000-0x9ffc13db]
Jun 21 01:13:17 arch kernel: ACPI: Reserving SSDT table memory at [mem 0x9ffc0000-0x9ffc0e72]
Jun 21 01:13:17 arch kernel: ACPI: Reserving DMAR table memory at [mem 0x9ffbf000-0x9ffbf0cb]
Jun 21 01:13:17 arch kernel: ACPI: Reserving NHLT table memory at [mem 0x9ffbe000-0x9ffbe02c]
Jun 21 01:13:17 arch kernel: ACPI: Reserving ASF! table memory at [mem 0x9ffbd000-0x9ffbd0a4]
Jun 21 01:13:17 arch kernel: ACPI: Reserving FPDT table memory at [mem 0x9fffd000-0x9fffd043]
Jun 21 01:13:17 arch kernel: ACPI: Reserving BGRT table memory at [mem 0x9ffbb000-0x9ffbb037]
Jun 21 01:13:17 arch kernel: ACPI: Reserving SSDT table memory at [mem 0x9fffb000-0x9fffb25f]
Jun 21 01:13:17 arch kernel: No NUMA configuration found
Jun 21 01:13:17 arch kernel: Faking a node at [mem 0x0000000000000000-0x00000004317fffff]
Jun 21 01:13:17 arch kernel: NODE_DATA(0) allocated [mem 0x4317fc000-0x4317fffff]
Jun 21 01:13:17 arch kernel: Zone ranges:
Jun 21 01:13:17 arch kernel:   DMA      [mem 0x0000000000001000-0x0000000000ffffff]
Jun 21 01:13:17 arch kernel:   DMA32    [mem 0x0000000001000000-0x00000000ffffffff]
Jun 21 01:13:17 arch kernel:   Normal   [mem 0x0000000100000000-0x00000004317fffff]
Jun 21 01:13:17 arch kernel:   Device   empty
Jun 21 01:13:17 arch kernel: Movable zone start for each node
Jun 21 01:13:17 arch kernel: Early memory node ranges
Jun 21 01:13:17 arch kernel:   node   0: [mem 0x0000000000001000-0x0000000000057fff]
Jun 21 01:13:17 arch kernel:   node   0: [mem 0x0000000000059000-0x000000000009dfff]
Jun 21 01:13:17 arch kernel:   node   0: [mem 0x0000000000100000-0x000000009f111fff]
Jun 21 01:13:17 arch kernel:   node   0: [mem 0x000000009ffff000-0x000000009fffffff]
Jun 21 01:13:17 arch kernel:   node   0: [mem 0x0000000100000000-0x00000004317fffff]
Jun 21 01:13:17 arch kernel: Initmem setup node 0 [mem 0x0000000000001000-0x00000004317fffff]
Jun 21 01:13:17 arch kernel: On node 0, zone DMA: 1 pages in unavailable ranges
Jun 21 01:13:17 arch kernel: On node 0, zone DMA: 1 pages in unavailable ranges
Jun 21 01:13:17 arch kernel: On node 0, zone DMA: 98 pages in unavailable ranges
Jun 21 01:13:17 arch kernel: On node 0, zone DMA32: 3821 pages in unavailable ranges
Jun 21 01:13:17 arch kernel: On node 0, zone Normal: 26624 pages in unavailable ranges
Jun 21 01:13:17 arch kernel: Reserving Intel graphics memory at [mem 0xac800000-0xcc7fffff]
Jun 21 01:13:17 arch kernel: ACPI: PM-Timer IO Port: 0x1808
Jun 21 01:13:17 arch kernel: ACPI: LAPIC_NMI (acpi_id[0x01] high edge lint[0x1])
Jun 21 01:13:17 arch kernel: ACPI: LAPIC_NMI (acpi_id[0x02] high edge lint[0x1])
Jun 21 01:13:17 arch kernel: ACPI: LAPIC_NMI (acpi_id[0x03] high edge lint[0x1])
Jun 21 01:13:17 arch kernel: ACPI: LAPIC_NMI (acpi_id[0x04] high edge lint[0x1])
Jun 21 01:13:17 arch kernel: ACPI: LAPIC_NMI (acpi_id[0x05] high edge lint[0x1])
Jun 21 01:13:17 arch kernel: ACPI: LAPIC_NMI (acpi_id[0x06] high edge lint[0x1])
Jun 21 01:13:17 arch kernel: ACPI: LAPIC_NMI (acpi_id[0x07] high edge lint[0x1])
Jun 21 01:13:17 arch kernel: ACPI: LAPIC_NMI (acpi_id[0x08] high edge lint[0x1])
Jun 21 01:13:17 arch kernel: IOAPIC[0]: apic_id 2, version 32, address 0xfec00000, GSI 0-119
Jun 21 01:13:17 arch kernel: ACPI: INT_SRC_OVR (bus 0 bus_irq 0 global_irq 2 dfl dfl)
Jun 21 01:13:17 arch kernel: ACPI: INT_SRC_OVR (bus 0 bus_irq 9 global_irq 9 high level)
Jun 21 01:13:17 arch kernel: ACPI: Using ACPI (MADT) for SMP configuration information
Jun 21 01:13:17 arch kernel: ACPI: HPET id: 0x8086a201 base: 0xfed00000
Jun 21 01:13:17 arch kernel: e820: update [mem 0x9006a000-0x90077fff] usable ==> reserved
Jun 21 01:13:17 arch kernel: TSC deadline timer available
Jun 21 01:13:17 arch kernel: smpboot: Allowing 4 CPUs, 0 hotplug CPUs
Jun 21 01:13:17 arch kernel: PM: hibernation: Registered nosave memory: [mem 0x00000000-0x00000fff]
Jun 21 01:13:17 arch kernel: PM: hibernation: Registered nosave memory: [mem 0x00058000-0x00058fff]
Jun 21 01:13:17 arch kernel: PM: hibernation: Registered nosave memory: [mem 0x0009e000-0x000fffff]
Jun 21 01:13:17 arch kernel: PM: hibernation: Registered nosave memory: [mem 0x9006a000-0x90077fff]
Jun 21 01:13:17 arch kernel: PM: hibernation: Registered nosave memory: [mem 0x9f112000-0x9f611fff]
Jun 21 01:13:17 arch kernel: PM: hibernation: Registered nosave memory: [mem 0x9f612000-0x9fd7efff]
Jun 21 01:13:17 arch kernel: PM: hibernation: Registered nosave memory: [mem 0x9fd7f000-0x9ff7efff]
Jun 21 01:13:17 arch kernel: PM: hibernation: Registered nosave memory: [mem 0x9ff7f000-0x9fffefff]
Jun 21 01:13:17 arch kernel: PM: hibernation: Registered nosave memory: [mem 0xa0000000-0xcc7fffff]
Jun 21 01:13:17 arch kernel: PM: hibernation: Registered nosave memory: [mem 0xcc800000-0xf80f9fff]
Jun 21 01:13:17 arch kernel: PM: hibernation: Registered nosave memory: [mem 0xf80fa000-0xf80fafff]
Jun 21 01:13:17 arch kernel: PM: hibernation: Registered nosave memory: [mem 0xf80fb000-0xf80fcfff]
Jun 21 01:13:17 arch kernel: PM: hibernation: Registered nosave memory: [mem 0xf80fd000-0xf80fdfff]
Jun 21 01:13:17 arch kernel: PM: hibernation: Registered nosave memory: [mem 0xf80fe000-0xfdffffff]
Jun 21 01:13:17 arch kernel: PM: hibernation: Registered nosave memory: [mem 0xfe000000-0xfe010fff]
Jun 21 01:13:17 arch kernel: PM: hibernation: Registered nosave memory: [mem 0xfe011000-0xfed1ffff]
Jun 21 01:13:17 arch kernel: PM: hibernation: Registered nosave memory: [mem 0xfed20000-0xfed7ffff]
Jun 21 01:13:17 arch kernel: PM: hibernation: Registered nosave memory: [mem 0xfed80000-0xffffffff]
Jun 21 01:13:17 arch kernel: [mem 0xcc800000-0xf80f9fff] available for PCI devices
Jun 21 01:13:17 arch kernel: Booting paravirtualized kernel on bare hardware
Jun 21 01:13:17 arch kernel: clocksource: refined-jiffies: mask: 0xffffffff max_cycles: 0xffffffff, max_idle_ns: 6370452778343963 ns
Jun 21 01:13:17 arch kernel: setup_percpu: NR_CPUS:320 nr_cpumask_bits:320 nr_cpu_ids:4 nr_node_ids:1
Jun 21 01:13:17 arch kernel: percpu: Embedded 63 pages/cpu s221184 r8192 d28672 u524288
Jun 21 01:13:17 arch kernel: pcpu-alloc: s221184 r8192 d28672 u524288 alloc=1*2097152
Jun 21 01:13:17 arch kernel: pcpu-alloc: [0] 0 1 2 3 
Jun 21 01:13:17 arch kernel: Fallback order for Node 0: 0 
Jun 21 01:13:17 arch kernel: Built 1 zonelists, mobility grouping on.  Total pages: 3937262
Jun 21 01:13:17 arch kernel: Policy zone: Normal
Jun 21 01:13:17 arch kernel: Kernel command line: BOOT_IMAGE=/vmlinuz-linux root=UUID=0d491568-6c85-422c-b079-f9c6e11275c6 rw rootfstype=ext4 loglevel=3 quiet
Jun 21 01:13:17 arch kernel: Unknown kernel command line parameters "BOOT_IMAGE=/vmlinuz-linux", will be passed to user space.
Jun 21 01:13:17 arch kernel: Dentry cache hash table entries: 2097152 (order: 12, 16777216 bytes, linear)
Jun 21 01:13:17 arch kernel: Inode-cache hash table entries: 1048576 (order: 11, 8388608 bytes, linear)
Jun 21 01:13:17 arch kernel: mem auto-init: stack:all(zero), heap alloc:on, heap free:off
Jun 21 01:13:17 arch kernel: Memory: 15498768K/15999676K available (14343K kernel code, 2099K rwdata, 11000K rodata, 1860K init, 3356K bss, 500648K reserved, 0K cma-reserved)
Jun 21 01:13:17 arch kernel: SLUB: HWalign=64, Order=0-3, MinObjects=0, CPUs=4, Nodes=1
Jun 21 01:13:17 arch kernel: Kernel/User page tables isolation: enabled
Jun 21 01:13:17 arch kernel: ftrace: allocating 44920 entries in 176 pages
Jun 21 01:13:17 arch kernel: ftrace: allocated 176 pages with 3 groups
Jun 21 01:13:17 arch kernel: Dynamic Preempt: full
Jun 21 01:13:17 arch kernel: rcu: Preemptible hierarchical RCU implementation.
Jun 21 01:13:17 arch kernel: rcu:         RCU restricting CPUs from NR_CPUS=320 to nr_cpu_ids=4.
Jun 21 01:13:17 arch kernel: rcu:         RCU priority boosting: priority 1 delay 500 ms.
Jun 21 01:13:17 arch kernel:         Trampoline variant of Tasks RCU enabled.
Jun 21 01:13:17 arch kernel:         Rude variant of Tasks RCU enabled.
Jun 21 01:13:17 arch kernel:         Tracing variant of Tasks RCU enabled.
Jun 21 01:13:17 arch kernel: rcu: RCU calculated value of scheduler-enlistment delay is 30 jiffies.
Jun 21 01:13:17 arch kernel: rcu: Adjusting geometry for rcu_fanout_leaf=16, nr_cpu_ids=4
Jun 21 01:13:17 arch kernel: NR_IRQS: 20736, nr_irqs: 1024, preallocated irqs: 16
Jun 21 01:13:17 arch kernel: kfence: initialized - using 2097152 bytes for 255 objects at 0x(____ptrval____)-0x(____ptrval____)
Jun 21 01:13:17 arch kernel: random: crng init done
Jun 21 01:13:17 arch kernel: Console: colour dummy device 80x25
Jun 21 01:13:17 arch kernel: printk: console [tty0] enabled
Jun 21 01:13:17 arch kernel: ACPI: Core revision 20211217
Jun 21 01:13:17 arch kernel: hpet: HPET dysfunctional in PC10. Force disabled.
Jun 21 01:13:17 arch kernel: APIC: Switch to symmetric I/O mode setup
Jun 21 01:13:17 arch kernel: DMAR: Host address width 39
Jun 21 01:13:17 arch kernel: DMAR: DRHD base: 0x000000fed90000 flags: 0x0
Jun 21 01:13:17 arch kernel: DMAR: dmar0: reg_base_addr fed90000 ver 1:0 cap 1c0000c40660462 ecap 7e3ff0505e
Jun 21 01:13:17 arch kernel: DMAR: DRHD base: 0x000000fed91000 flags: 0x1
Jun 21 01:13:17 arch kernel: DMAR: dmar1: reg_base_addr fed91000 ver 1:0 cap d2008c40660462 ecap f050da
Jun 21 01:13:17 arch kernel: DMAR: RMRR base: 0x0000009fcd6000 end: 0x0000009fcf5fff
Jun 21 01:13:17 arch kernel: DMAR: RMRR base: 0x000000ac000000 end: 0x000000cc7fffff
Jun 21 01:13:17 arch kernel: DMAR: ANDD device: 1 name: \_SB.PCI0.I2C0
Jun 21 01:13:17 arch kernel: DMAR-IR: IOAPIC id 2 under DRHD base  0xfed91000 IOMMU 1
Jun 21 01:13:17 arch kernel: DMAR-IR: HPET id 0 under DRHD base 0xfed91000
Jun 21 01:13:17 arch kernel: DMAR-IR: Queued invalidation will be enabled to support x2apic and Intr-remapping.
Jun 21 01:13:17 arch kernel: DMAR-IR: Enabled IRQ remapping in x2apic mode
Jun 21 01:13:17 arch kernel: x2apic enabled
Jun 21 01:13:17 arch kernel: Switched APIC routing to cluster x2apic.
Jun 21 01:13:17 arch kernel: clocksource: tsc-early: mask: 0xffffffffffffffff max_cycles: 0x24090c9bc00, max_idle_ns: 440795288559 ns
Jun 21 01:13:17 arch kernel: Calibrating delay loop (skipped), value calculated using timer frequency.. 5001.23 BogoMIPS (lpj=8333173)
Jun 21 01:13:17 arch kernel: pid_max: default: 32768 minimum: 301
Jun 21 01:13:17 arch kernel: LSM: Security Framework initializing
Jun 21 01:13:17 arch kernel: landlock: Up and running.
Jun 21 01:13:17 arch kernel: Yama: becoming mindful.
Jun 21 01:13:17 arch kernel: LSM support for eBPF active
Jun 21 01:13:17 arch kernel: Mount-cache hash table entries: 32768 (order: 6, 262144 bytes, linear)
Jun 21 01:13:17 arch kernel: Mountpoint-cache hash table entries: 32768 (order: 6, 262144 bytes, linear)
Jun 21 01:13:17 arch kernel: CPU0: Thermal monitoring enabled (TM1)
Jun 21 01:13:17 arch kernel: process: using mwait in idle threads
Jun 21 01:13:17 arch kernel: Last level iTLB entries: 4KB 64, 2MB 8, 4MB 8
Jun 21 01:13:17 arch kernel: Last level dTLB entries: 4KB 64, 2MB 0, 4MB 0, 1GB 4
Jun 21 01:13:17 arch kernel: Spectre V1 : Mitigation: usercopy/swapgs barriers and __user pointer sanitization
Jun 21 01:13:17 arch kernel: Spectre V2 : Mitigation: Retpolines
Jun 21 01:13:17 arch kernel: Spectre V2 : Spectre v2 / SpectreRSB mitigation: Filling RSB on context switch
Jun 21 01:13:17 arch kernel: Spectre V2 : Enabling Restricted Speculation for firmware calls
Jun 21 01:13:17 arch kernel: Spectre V2 : mitigation: Enabling conditional Indirect Branch Prediction Barrier
Jun 21 01:13:17 arch kernel: Spectre V2 : User space: Mitigation: STIBP via prctl
Jun 21 01:13:17 arch kernel: Speculative Store Bypass: Mitigation: Speculative Store Bypass disabled via prctl
Jun 21 01:13:17 arch kernel: MDS: Mitigation: Clear CPU buffers
Jun 21 01:13:17 arch kernel: TAA: Mitigation: TSX disabled
Jun 21 01:13:17 arch kernel: MMIO Stale Data: Mitigation: Clear CPU buffers
Jun 21 01:13:17 arch kernel: SRBDS: Mitigation: Microcode
Jun 21 01:13:17 arch kernel: Freeing SMP alternatives memory: 36K
Jun 21 01:13:17 arch kernel: smpboot: Estimated ratio of average max frequency by base frequency (times 1024): 1187
Jun 21 01:13:17 arch kernel: smpboot: CPU0: Intel(R) Core(TM) i5-6300U CPU @ 2.40GHz (family: 0x6, model: 0x4e, stepping: 0x3)
Jun 21 01:13:17 arch kernel: cblist_init_generic: Setting adjustable number of callback queues.
Jun 21 01:13:17 arch kernel: cblist_init_generic: Setting shift to 2 and lim to 1.
Jun 21 01:13:17 arch kernel: cblist_init_generic: Setting shift to 2 and lim to 1.
Jun 21 01:13:17 arch kernel: cblist_init_generic: Setting shift to 2 and lim to 1.
Jun 21 01:13:17 arch kernel: Performance Events: PEBS fmt3+, Skylake events, 32-deep LBR, full-width counters, Intel PMU driver.
Jun 21 01:13:17 arch kernel: ... version:                4
Jun 21 01:13:17 arch kernel: ... bit width:              48
Jun 21 01:13:17 arch kernel: ... generic registers:      4
Jun 21 01:13:17 arch kernel: ... value mask:             0000ffffffffffff
Jun 21 01:13:17 arch kernel: ... max period:             00007fffffffffff
Jun 21 01:13:17 arch kernel: ... fixed-purpose events:   3
Jun 21 01:13:17 arch kernel: ... event mask:             000000070000000f
Jun 21 01:13:17 arch kernel: rcu: Hierarchical SRCU implementation.
Jun 21 01:13:17 arch kernel: NMI watchdog: Enabled. Permanently consumes one hw-PMU counter.
Jun 21 01:13:17 arch kernel: smp: Bringing up secondary CPUs ...
Jun 21 01:13:17 arch kernel: x86: Booting SMP configuration:
Jun 21 01:13:17 arch kernel: .... node  #0, CPUs:      #1 #2
Jun 21 01:13:17 arch kernel: MDS CPU bug present and SMT on, data leak possible. See https://www.kernel.org/doc/html/latest/admin-guide/hw-vuln/mds.html for more details.
Jun 21 01:13:17 arch kernel: MMIO Stale Data CPU bug present and SMT on, data leak possible. See https://www.kernel.org/doc/html/latest/admin-guide/hw-vuln/processor_mmio_stale_data.html for more details.
Jun 21 01:13:17 arch kernel:  #3
Jun 21 01:13:17 arch kernel: smp: Brought up 1 node, 4 CPUs
Jun 21 01:13:17 arch kernel: smpboot: Max logical packages: 1
Jun 21 01:13:17 arch kernel: smpboot: Total of 4 processors activated (20007.93 BogoMIPS)
Jun 21 01:13:17 arch kernel: devtmpfs: initialized
Jun 21 01:13:17 arch kernel: x86/mm: Memory block size: 128MB
Jun 21 01:13:17 arch kernel: ACPI: PM: Registering ACPI NVS region [mem 0x9fd7f000-0x9ff7efff] (2097152 bytes)
Jun 21 01:13:17 arch kernel: clocksource: jiffies: mask: 0xffffffff max_cycles: 0xffffffff, max_idle_ns: 6370867519511994 ns
Jun 21 01:13:17 arch kernel: futex hash table entries: 1024 (order: 4, 65536 bytes, linear)
Jun 21 01:13:17 arch kernel: pinctrl core: initialized pinctrl subsystem
Jun 21 01:13:17 arch kernel: PM: RTC time: 06:13:09, date: 2022-06-21
Jun 21 01:13:17 arch kernel: NET: Registered PF_NETLINK/PF_ROUTE protocol family
Jun 21 01:13:17 arch kernel: DMA: preallocated 2048 KiB GFP_KERNEL pool for atomic allocations
Jun 21 01:13:17 arch kernel: DMA: preallocated 2048 KiB GFP_KERNEL|GFP_DMA pool for atomic allocations
Jun 21 01:13:17 arch kernel: DMA: preallocated 2048 KiB GFP_KERNEL|GFP_DMA32 pool for atomic allocations
Jun 21 01:13:17 arch kernel: audit: initializing netlink subsys (disabled)
Jun 21 01:13:17 arch kernel: audit: type=2000 audit(1655791989.006:1): state=initialized audit_enabled=0 res=1
Jun 21 01:13:17 arch kernel: thermal_sys: Registered thermal governor 'fair_share'
Jun 21 01:13:17 arch kernel: thermal_sys: Registered thermal governor 'bang_bang'
Jun 21 01:13:17 arch kernel: thermal_sys: Registered thermal governor 'step_wise'
Jun 21 01:13:17 arch kernel: thermal_sys: Registered thermal governor 'user_space'
Jun 21 01:13:17 arch kernel: thermal_sys: Registered thermal governor 'power_allocator'
Jun 21 01:13:17 arch kernel: cpuidle: using governor ladder
Jun 21 01:13:17 arch kernel: cpuidle: using governor menu
Jun 21 01:13:17 arch kernel: HugeTLB: can free 4095 vmemmap pages for hugepages-1048576kB
Jun 21 01:13:17 arch kernel: ACPI FADT declares the system doesn't support PCIe ASPM, so disable it
Jun 21 01:13:17 arch kernel: acpiphp: ACPI Hot Plug PCI Controller Driver version: 0.5
Jun 21 01:13:17 arch kernel: PCI: MMCONFIG for domain 0000 [bus 00-3f] at [mem 0xf8000000-0xfbffffff] (base 0xf8000000)
Jun 21 01:13:17 arch kernel: PCI: not using MMCONFIG
Jun 21 01:13:17 arch kernel: PCI: Using configuration type 1 for base access
Jun 21 01:13:17 arch kernel: ENERGY_PERF_BIAS: Set to 'normal', was 'performance'
Jun 21 01:13:17 arch kernel: kprobes: kprobe jump-optimization is enabled. All kprobes are optimized if possible.
Jun 21 01:13:17 arch kernel: HugeTLB: can free 7 vmemmap pages for hugepages-2048kB
Jun 21 01:13:17 arch kernel: HugeTLB registered 1.00 GiB page size, pre-allocated 0 pages
Jun 21 01:13:17 arch kernel: HugeTLB registered 2.00 MiB page size, pre-allocated 0 pages
Jun 21 01:13:17 arch kernel: ACPI: Added _OSI(Module Device)
Jun 21 01:13:17 arch kernel: ACPI: Added _OSI(Processor Device)
Jun 21 01:13:17 arch kernel: ACPI: Added _OSI(3.0 _SCP Extensions)
Jun 21 01:13:17 arch kernel: ACPI: Added _OSI(Processor Aggregator Device)
Jun 21 01:13:17 arch kernel: ACPI: Added _OSI(Linux-Dell-Video)
Jun 21 01:13:17 arch kernel: ACPI: Added _OSI(Linux-Lenovo-NV-HDMI-Audio)
Jun 21 01:13:17 arch kernel: ACPI: Added _OSI(Linux-HPI-Hybrid-Graphics)
Jun 21 01:13:17 arch kernel: ACPI: 10 ACPI AML tables successfully acquired and loaded
Jun 21 01:13:17 arch kernel: ACPI: [Firmware Bug]: BIOS _OSI(Linux) query ignored
Jun 21 01:13:17 arch kernel: ACPI: Dynamic OEM Table Load:
Jun 21 01:13:17 arch kernel: ACPI: SSDT 0xFFFF8E8300F64800 00063F (v02 PmRef  Cpu0Ist  00003000 INTL 20121018)
Jun 21 01:13:17 arch kernel: ACPI: \_PR_.CPU0: _OSC native thermal LVT Acked
Jun 21 01:13:17 arch kernel: ACPI: Dynamic OEM Table Load:
Jun 21 01:13:17 arch kernel: ACPI: SSDT 0xFFFF8E830115FC00 00037F (v02 PmRef  Cpu0Cst  00003001 INTL 20121018)
Jun 21 01:13:17 arch kernel: ACPI: Dynamic OEM Table Load:
Jun 21 01:13:17 arch kernel: ACPI: SSDT 0xFFFF8E8300EA7000 00008E (v02 PmRef  Cpu0Hwp  00003000 INTL 20121018)
Jun 21 01:13:17 arch kernel: ACPI: Dynamic OEM Table Load:
Jun 21 01:13:17 arch kernel: ACPI: SSDT 0xFFFF8E8300DD2E00 000130 (v02 PmRef  HwpLvt   00003000 INTL 20121018)
Jun 21 01:13:17 arch kernel: ACPI: Dynamic OEM Table Load:
Jun 21 01:13:17 arch kernel: ACPI: SSDT 0xFFFF8E8300F63800 0005AA (v02 PmRef  ApIst    00003000 INTL 20121018)
Jun 21 01:13:17 arch kernel: ACPI: Dynamic OEM Table Load:
Jun 21 01:13:17 arch kernel: ACPI: SSDT 0xFFFF8E8300DD3800 000119 (v02 PmRef  ApHwp    00003000 INTL 20121018)
Jun 21 01:13:17 arch kernel: ACPI: Dynamic OEM Table Load:
Jun 21 01:13:17 arch kernel: ACPI: SSDT 0xFFFF8E8300DD2C00 000119 (v02 PmRef  ApCst    00003000 INTL 20121018)
Jun 21 01:13:17 arch kernel: ACPI: EC: EC started
Jun 21 01:13:17 arch kernel: ACPI: EC: interrupt blocked
Jun 21 01:13:17 arch kernel: ACPI: EC: EC_CMD/EC_SC=0x66, EC_DATA=0x62
Jun 21 01:13:17 arch kernel: ACPI: \_SB_.PCI0.LPCB.EC0_: Boot DSDT EC used to handle transactions
Jun 21 01:13:17 arch kernel: ACPI: Interpreter enabled
Jun 21 01:13:17 arch kernel: ACPI: PM: (supports S0 S3 S4 S5)
Jun 21 01:13:17 arch kernel: ACPI: Using IOAPIC for interrupt routing
Jun 21 01:13:17 arch kernel: PCI: MMCONFIG for domain 0000 [bus 00-3f] at [mem 0xf8000000-0xfbffffff] (base 0xf8000000)
Jun 21 01:13:17 arch kernel: PCI: MMCONFIG at [mem 0xf8000000-0xfbffffff] reserved in ACPI motherboard resources
Jun 21 01:13:17 arch kernel: PCI: Using host bridge windows from ACPI; if necessary, use "pci=nocrs" and report a bug
Jun 21 01:13:17 arch kernel: ACPI: Enabled 8 GPEs in block 00 to 7F
Jun 21 01:13:17 arch kernel: ACPI: PM: Power Resource [PG01]
Jun 21 01:13:17 arch kernel: ACPI: PM: Power Resource [PG02]
Jun 21 01:13:17 arch kernel: ACPI: PM: Power Resource [PG00]
Jun 21 01:13:17 arch kernel: ACPI: PM: Power Resource [WRST]
Jun 21 01:13:17 arch kernel: ACPI: PM: Power Resource [PXP]
Jun 21 01:13:17 arch kernel: ACPI: PM: Power Resource [WRST]
Jun 21 01:13:17 arch kernel: ACPI: PM: Power Resource [WRST]
Jun 21 01:13:17 arch kernel: ACPI: PM: Power Resource [WRST]
Jun 21 01:13:17 arch kernel: ACPI: PM: Power Resource [WRST]
Jun 21 01:13:17 arch kernel: ACPI: PM: Power Resource [WRST]
Jun 21 01:13:17 arch kernel: ACPI: PM: Power Resource [WRST]
Jun 21 01:13:17 arch kernel: ACPI: PM: Power Resource [WRST]
Jun 21 01:13:17 arch kernel: ACPI: PM: Power Resource [WRST]
Jun 21 01:13:17 arch kernel: ACPI: PM: Power Resource [WRST]
Jun 21 01:13:17 arch kernel: ACPI: PM: Power Resource [WRST]
Jun 21 01:13:17 arch kernel: ACPI: PM: Power Resource [WRST]
Jun 21 01:13:17 arch kernel: ACPI: PM: Power Resource [WRST]
Jun 21 01:13:17 arch kernel: ACPI: PM: Power Resource [WRST]
Jun 21 01:13:17 arch kernel: ACPI: PM: Power Resource [WRST]
Jun 21 01:13:17 arch kernel: ACPI: PM: Power Resource [WRST]
Jun 21 01:13:17 arch kernel: ACPI: PM: Power Resource [WRST]
Jun 21 01:13:17 arch kernel: ACPI: PM: Power Resource [WRST]
Jun 21 01:13:17 arch kernel: ACPI: PM: Power Resource [WRST]
Jun 21 01:13:17 arch kernel: ACPI: PM: Power Resource [WRST]
Jun 21 01:13:17 arch kernel: ACPI: PCI Root Bridge [PCI0] (domain 0000 [bus 00-3e])
Jun 21 01:13:17 arch kernel: acpi PNP0A08:00: _OSC: OS supports [ExtendedConfig ASPM ClockPM Segments MSI EDR HPX-Type3]
Jun 21 01:13:17 arch kernel: acpi PNP0A08:00: _OSC: OS now controls [PCIeHotplug SHPCHotplug PME AER PCIeCapability LTR DPC]
Jun 21 01:13:17 arch kernel: acpi PNP0A08:00: FADT indicates ASPM is unsupported, using BIOS configuration
Jun 21 01:13:17 arch kernel: PCI host bridge to bus 0000:00
Jun 21 01:13:17 arch kernel: pci_bus 0000:00: root bus resource [io  0x0000-0x0cf7 window]
Jun 21 01:13:17 arch kernel: pci_bus 0000:00: root bus resource [io  0x0d00-0xffff window]
Jun 21 01:13:17 arch kernel: pci_bus 0000:00: root bus resource [mem 0x000a0000-0x000effff window]
Jun 21 01:13:17 arch kernel: pci_bus 0000:00: root bus resource [mem 0xcc800000-0xf7ffffff window]
Jun 21 01:13:17 arch kernel: pci_bus 0000:00: root bus resource [mem 0xfd000000-0xfe7fffff window]
Jun 21 01:13:17 arch kernel: pci_bus 0000:00: root bus resource [bus 00-3e]
Jun 21 01:13:17 arch kernel: pci 0000:00:00.0: [8086:1904] type 00 class 0x060000
Jun 21 01:13:17 arch kernel: pci 0000:00:02.0: [8086:1916] type 00 class 0x030000
Jun 21 01:13:17 arch kernel: pci 0000:00:02.0: reg 0x10: [mem 0xe0000000-0xe0ffffff 64bit]
Jun 21 01:13:17 arch kernel: pci 0000:00:02.0: reg 0x18: [mem 0xd0000000-0xdfffffff 64bit pref]
Jun 21 01:13:17 arch kernel: pci 0000:00:02.0: reg 0x20: [io  0x3000-0x303f]
Jun 21 01:13:17 arch kernel: pci 0000:00:02.0: BAR 2: assigned to efifb
Jun 21 01:13:17 arch kernel: pci 0000:00:02.0: Video device with shadowed ROM at [mem 0x000c0000-0x000dffff]
Jun 21 01:13:17 arch kernel: pci 0000:00:14.0: [8086:9d2f] type 00 class 0x0c0330
Jun 21 01:13:17 arch kernel: pci 0000:00:14.0: reg 0x10: [mem 0xe1320000-0xe132ffff 64bit]
Jun 21 01:13:17 arch kernel: pci 0000:00:14.0: PME# supported from D3hot D3cold
Jun 21 01:13:17 arch kernel: pci 0000:00:14.2: [8086:9d31] type 00 class 0x118000
Jun 21 01:13:17 arch kernel: pci 0000:00:14.2: reg 0x10: [mem 0xe134b000-0xe134bfff 64bit]
Jun 21 01:13:17 arch kernel: pci 0000:00:15.0: [8086:9d60] type 00 class 0x118000
Jun 21 01:13:17 arch kernel: pci 0000:00:15.0: reg 0x10: [mem 0xe134c000-0xe134cfff 64bit]
Jun 21 01:13:17 arch kernel: pci 0000:00:16.0: [8086:9d3a] type 00 class 0x078000
Jun 21 01:13:17 arch kernel: pci 0000:00:16.0: reg 0x10: [mem 0xe134d000-0xe134dfff 64bit]
Jun 21 01:13:17 arch kernel: pci 0000:00:16.0: PME# supported from D3hot
Jun 21 01:13:17 arch kernel: pci 0000:00:16.3: [8086:9d3d] type 00 class 0x070002
Jun 21 01:13:17 arch kernel: pci 0000:00:16.3: reg 0x10: [io  0x3080-0x3087]
Jun 21 01:13:17 arch kernel: pci 0000:00:16.3: reg 0x14: [mem 0xe134a000-0xe134afff]
Jun 21 01:13:17 arch kernel: pci 0000:00:17.0: [8086:9d03] type 00 class 0x010601
Jun 21 01:13:17 arch kernel: pci 0000:00:17.0: reg 0x10: [mem 0xe1348000-0xe1349fff]
Jun 21 01:13:17 arch kernel: pci 0000:00:17.0: reg 0x14: [mem 0xe1350000-0xe13500ff]
Jun 21 01:13:17 arch kernel: pci 0000:00:17.0: reg 0x18: [io  0x3088-0x308f]
Jun 21 01:13:17 arch kernel: pci 0000:00:17.0: reg 0x1c: [io  0x3090-0x3093]
Jun 21 01:13:17 arch kernel: pci 0000:00:17.0: reg 0x20: [io  0x3040-0x305f]
Jun 21 01:13:17 arch kernel: pci 0000:00:17.0: reg 0x24: [mem 0xe134e000-0xe134e7ff]
Jun 21 01:13:17 arch kernel: pci 0000:00:17.0: PME# supported from D3hot
Jun 21 01:13:17 arch kernel: pci 0000:00:1c.0: [8086:9d11] type 01 class 0x060400
Jun 21 01:13:17 arch kernel: pci 0000:00:1c.0: PME# supported from D0 D3hot D3cold
Jun 21 01:13:17 arch kernel: pci 0000:00:1c.3: [8086:9d13] type 01 class 0x060400
Jun 21 01:13:17 arch kernel: pci 0000:00:1c.3: PME# supported from D0 D3hot D3cold
Jun 21 01:13:17 arch kernel: pci 0000:00:1d.0: [8086:9d18] type 01 class 0x060400
Jun 21 01:13:17 arch kernel: pci 0000:00:1d.0: PME# supported from D0 D3hot D3cold
Jun 21 01:13:17 arch kernel: pci 0000:00:1f.0: [8086:9d48] type 00 class 0x060100
Jun 21 01:13:17 arch kernel: pci 0000:00:1f.2: [8086:9d21] type 00 class 0x058000
Jun 21 01:13:17 arch kernel: pci 0000:00:1f.2: reg 0x10: [mem 0xe1340000-0xe1343fff]
Jun 21 01:13:17 arch kernel: pci 0000:00:1f.3: [8086:9d70] type 00 class 0x040380
Jun 21 01:13:17 arch kernel: pci 0000:00:1f.3: reg 0x10: [mem 0xe1344000-0xe1347fff 64bit]
Jun 21 01:13:17 arch kernel: pci 0000:00:1f.3: reg 0x20: [mem 0xe1330000-0xe133ffff 64bit]
Jun 21 01:13:17 arch kernel: pci 0000:00:1f.3: PME# supported from D3hot D3cold
Jun 21 01:13:17 arch kernel: pci 0000:00:1f.4: [8086:9d23] type 00 class 0x0c0500
Jun 21 01:13:17 arch kernel: pci 0000:00:1f.4: reg 0x10: [mem 0xe134f000-0xe134f0ff 64bit]
Jun 21 01:13:17 arch kernel: pci 0000:00:1f.4: reg 0x20: [io  0xefa0-0xefbf]
Jun 21 01:13:17 arch kernel: pci 0000:00:1f.6: [8086:156f] type 00 class 0x020000
Jun 21 01:13:17 arch kernel: pci 0000:00:1f.6: reg 0x10: [mem 0xe1300000-0xe131ffff]
Jun 21 01:13:17 arch kernel: pci 0000:00:1f.6: PME# supported from D0 D3hot D3cold
Jun 21 01:13:17 arch kernel: pci 0000:01:00.0: [10ec:522a] type 00 class 0xff0000
Jun 21 01:13:17 arch kernel: pci 0000:01:00.0: reg 0x10: [mem 0xe1000000-0xe1000fff]
Jun 21 01:13:17 arch kernel: pci 0000:01:00.0: supports D1 D2
Jun 21 01:13:17 arch kernel: pci 0000:01:00.0: PME# supported from D1 D2 D3hot D3cold
Jun 21 01:13:17 arch kernel: pci 0000:00:1c.0: PCI bridge to [bus 01]
Jun 21 01:13:17 arch kernel: pci 0000:00:1c.0:   bridge window [mem 0xe1000000-0xe10fffff]
Jun 21 01:13:17 arch kernel: pci 0000:02:00.0: [8086:24f3] type 00 class 0x028000
Jun 21 01:13:17 arch kernel: pci 0000:02:00.0: reg 0x10: [mem 0xe1100000-0xe1101fff 64bit]
Jun 21 01:13:17 arch kernel: pci 0000:02:00.0: PME# supported from D0 D3hot D3cold
Jun 21 01:13:17 arch kernel: pci 0000:00:1c.3: PCI bridge to [bus 02]
Jun 21 01:13:17 arch kernel: pci 0000:00:1c.3:   bridge window [mem 0xe1100000-0xe11fffff]
Jun 21 01:13:17 arch kernel: pci 0000:03:00.0: [144d:a808] type 00 class 0x010802
Jun 21 01:13:17 arch kernel: pci 0000:03:00.0: reg 0x10: [mem 0xe1200000-0xe1203fff 64bit]
Jun 21 01:13:17 arch kernel: pci 0000:00:1d.0: PCI bridge to [bus 03]
Jun 21 01:13:17 arch kernel: pci 0000:00:1d.0:   bridge window [mem 0xe1200000-0xe12fffff]
Jun 21 01:13:17 arch kernel: ACPI: PCI: Interrupt link LNKA configured for IRQ 11
Jun 21 01:13:17 arch kernel: ACPI: PCI: Interrupt link LNKB configured for IRQ 10
Jun 21 01:13:17 arch kernel: ACPI: PCI: Interrupt link LNKC configured for IRQ 11
Jun 21 01:13:17 arch kernel: ACPI: PCI: Interrupt link LNKD configured for IRQ 11
Jun 21 01:13:17 arch kernel: ACPI: PCI: Interrupt link LNKE configured for IRQ 11
Jun 21 01:13:17 arch kernel: ACPI: PCI: Interrupt link LNKF configured for IRQ 11
Jun 21 01:13:17 arch kernel: ACPI: PCI: Interrupt link LNKG configured for IRQ 11
Jun 21 01:13:17 arch kernel: ACPI: PCI: Interrupt link LNKH configured for IRQ 11
Jun 21 01:13:17 arch kernel: ACPI: EC: interrupt unblocked
Jun 21 01:13:17 arch kernel: ACPI: EC: event unblocked
Jun 21 01:13:17 arch kernel: ACPI: EC: EC_CMD/EC_SC=0x66, EC_DATA=0x62
Jun 21 01:13:17 arch kernel: ACPI: EC: GPE=0x6e
Jun 21 01:13:17 arch kernel: ACPI: \_SB_.PCI0.LPCB.EC0_: Boot DSDT EC initialization complete
Jun 21 01:13:17 arch kernel: ACPI: \_SB_.PCI0.LPCB.EC0_: EC: Used to handle transactions and events
Jun 21 01:13:17 arch kernel: iommu: Default domain type: Translated 
Jun 21 01:13:17 arch kernel: iommu: DMA domain TLB invalidation policy: lazy mode 
Jun 21 01:13:17 arch kernel: SCSI subsystem initialized
Jun 21 01:13:17 arch kernel: libata version 3.00 loaded.
Jun 21 01:13:17 arch kernel: ACPI: bus type USB registered
Jun 21 01:13:17 arch kernel: usbcore: registered new interface driver usbfs
Jun 21 01:13:17 arch kernel: usbcore: registered new interface driver hub
Jun 21 01:13:17 arch kernel: usbcore: registered new device driver usb
Jun 21 01:13:17 arch kernel: pps_core: LinuxPPS API ver. 1 registered
Jun 21 01:13:17 arch kernel: pps_core: Software ver. 5.3.6 - Copyright 2005-2007 Rodolfo Giometti <giometti@linux.it>
Jun 21 01:13:17 arch kernel: PTP clock support registered
Jun 21 01:13:17 arch kernel: EDAC MC: Ver: 3.0.0
Jun 21 01:13:17 arch kernel: Registered efivars operations
Jun 21 01:13:17 arch kernel: NetLabel: Initializing
Jun 21 01:13:17 arch kernel: NetLabel:  domain hash size = 128
Jun 21 01:13:17 arch kernel: NetLabel:  protocols = UNLABELED CIPSOv4 CALIPSO
Jun 21 01:13:17 arch kernel: NetLabel:  unlabeled traffic allowed by default
Jun 21 01:13:17 arch kernel: mctp: management component transport protocol core
Jun 21 01:13:17 arch kernel: NET: Registered PF_MCTP protocol family
Jun 21 01:13:17 arch kernel: PCI: Using ACPI for IRQ routing
Jun 21 01:13:17 arch kernel: PCI: pci_cache_line_size set to 64 bytes
Jun 21 01:13:17 arch kernel: e820: reserve RAM buffer [mem 0x00058000-0x0005ffff]
Jun 21 01:13:17 arch kernel: e820: reserve RAM buffer [mem 0x0009e000-0x0009ffff]
Jun 21 01:13:17 arch kernel: e820: reserve RAM buffer [mem 0x9006a000-0x93ffffff]
Jun 21 01:13:17 arch kernel: e820: reserve RAM buffer [mem 0x9f112000-0x9fffffff]
Jun 21 01:13:17 arch kernel: e820: reserve RAM buffer [mem 0x431800000-0x433ffffff]
Jun 21 01:13:17 arch kernel: pci 0000:00:02.0: vgaarb: setting as boot VGA device
Jun 21 01:13:17 arch kernel: pci 0000:00:02.0: vgaarb: bridge control possible
Jun 21 01:13:17 arch kernel: pci 0000:00:02.0: vgaarb: VGA device added: decodes=io+mem,owns=io+mem,locks=none
Jun 21 01:13:17 arch kernel: vgaarb: loaded
Jun 21 01:13:17 arch kernel: clocksource: Switched to clocksource tsc-early
Jun 21 01:13:17 arch kernel: VFS: Disk quotas dquot_6.6.0
Jun 21 01:13:17 arch kernel: VFS: Dquot-cache hash table entries: 512 (order 0, 4096 bytes)
Jun 21 01:13:17 arch kernel: pnp: PnP ACPI init
Jun 21 01:13:17 arch kernel: system 00:00: [mem 0xfd000000-0xfdabffff] has been reserved
Jun 21 01:13:17 arch kernel: system 00:00: [mem 0xfdad0000-0xfdadffff] has been reserved
Jun 21 01:13:17 arch kernel: system 00:00: [mem 0xfdb00000-0xfdffffff] has been reserved
Jun 21 01:13:17 arch kernel: system 00:00: [mem 0xfe000000-0xfe01ffff] could not be reserved
Jun 21 01:13:17 arch kernel: system 00:00: [mem 0xfe03d000-0xfe3fffff] has been reserved
Jun 21 01:13:17 arch kernel: system 00:01: [io  0x2000-0x20fe] has been reserved
Jun 21 01:13:17 arch kernel: system 00:02: [io  0x0680-0x069f] has been reserved
Jun 21 01:13:17 arch kernel: system 00:02: [io  0xffff] has been reserved
Jun 21 01:13:17 arch kernel: system 00:02: [io  0xffff] has been reserved
Jun 21 01:13:17 arch kernel: system 00:02: [io  0xffff] has been reserved
Jun 21 01:13:17 arch kernel: system 00:02: [io  0x1800-0x18fe] has been reserved
Jun 21 01:13:17 arch kernel: system 00:02: [io  0x164e-0x164f] has been reserved
Jun 21 01:13:17 arch kernel: system 00:04: [io  0x1854-0x1857] has been reserved
Jun 21 01:13:17 arch kernel: system 00:07: [io  0x0200-0x023f] has been reserved
Jun 21 01:13:17 arch kernel: system 00:07: [mem 0xfedf0000-0xfedfffff] has been reserved
Jun 21 01:13:17 arch kernel: system 00:08: [mem 0xfe031000-0xfe031fff] has been reserved
Jun 21 01:13:17 arch kernel: system 00:08: [mem 0xfe030008-0xfe030fff] has been reserved
Jun 21 01:13:17 arch kernel: system 00:09: [mem 0xfe030000-0xfe030007] has been reserved
Jun 21 01:13:17 arch kernel: system 00:0a: [mem 0xfed10000-0xfed17fff] has been reserved
Jun 21 01:13:17 arch kernel: system 00:0a: [mem 0xfed18000-0xfed18fff] has been reserved
Jun 21 01:13:17 arch kernel: system 00:0a: [mem 0xfed19000-0xfed19fff] has been reserved
Jun 21 01:13:17 arch kernel: system 00:0a: [mem 0xf8000000-0xfbffffff] could not be reserved
Jun 21 01:13:17 arch kernel: system 00:0a: [mem 0xfed20000-0xfed3ffff] has been reserved
Jun 21 01:13:17 arch kernel: system 00:0a: [mem 0xfed90000-0xfed93fff] could not be reserved
Jun 21 01:13:17 arch kernel: system 00:0a: [mem 0xfed45000-0xfed8ffff] could not be reserved
Jun 21 01:13:17 arch kernel: system 00:0a: [mem 0xff000000-0xffffffff] has been reserved
Jun 21 01:13:17 arch kernel: system 00:0a: [mem 0xfee00000-0xfeefffff] has been reserved
Jun 21 01:13:17 arch kernel: system 00:0a: [mem 0xcc800000-0xcc81ffff] has been reserved
Jun 21 01:13:17 arch kernel: pnp: PnP ACPI: found 12 devices
Jun 21 01:13:17 arch kernel: clocksource: acpi_pm: mask: 0xffffff max_cycles: 0xffffff, max_idle_ns: 2085701024 ns
Jun 21 01:13:17 arch kernel: NET: Registered PF_INET protocol family
Jun 21 01:13:17 arch kernel: IP idents hash table entries: 262144 (order: 9, 2097152 bytes, linear)
Jun 21 01:13:17 arch kernel: tcp_listen_portaddr_hash hash table entries: 8192 (order: 5, 131072 bytes, linear)
Jun 21 01:13:17 arch kernel: Table-perturb hash table entries: 65536 (order: 6, 262144 bytes, linear)
Jun 21 01:13:17 arch kernel: TCP established hash table entries: 131072 (order: 8, 1048576 bytes, linear)
Jun 21 01:13:17 arch kernel: TCP bind hash table entries: 65536 (order: 8, 1048576 bytes, linear)
Jun 21 01:13:17 arch kernel: TCP: Hash tables configured (established 131072 bind 65536)
Jun 21 01:13:17 arch kernel: MPTCP token hash table entries: 16384 (order: 6, 393216 bytes, linear)
Jun 21 01:13:17 arch kernel: UDP hash table entries: 8192 (order: 6, 262144 bytes, linear)
Jun 21 01:13:17 arch kernel: UDP-Lite hash table entries: 8192 (order: 6, 262144 bytes, linear)
Jun 21 01:13:17 arch kernel: NET: Registered PF_UNIX/PF_LOCAL protocol family
Jun 21 01:13:17 arch kernel: NET: Registered PF_XDP protocol family
Jun 21 01:13:17 arch kernel: pci 0000:00:1c.0: bridge window [io  0x1000-0x0fff] to [bus 01] add_size 1000
Jun 21 01:13:17 arch kernel: pci 0000:00:1c.0: bridge window [mem 0x00100000-0x000fffff 64bit pref] to [bus 01] add_size 200000 add_align 100000
Jun 21 01:13:17 arch kernel: pci 0000:00:1c.0: BAR 15: assigned [mem 0xcc900000-0xccafffff 64bit pref]
Jun 21 01:13:17 arch kernel: pci 0000:00:1c.0: BAR 13: assigned [io  0x4000-0x4fff]
Jun 21 01:13:17 arch kernel: pci 0000:00:1c.0: PCI bridge to [bus 01]
Jun 21 01:13:17 arch kernel: pci 0000:00:1c.0:   bridge window [io  0x4000-0x4fff]
Jun 21 01:13:17 arch kernel: pci 0000:00:1c.0:   bridge window [mem 0xe1000000-0xe10fffff]
Jun 21 01:13:17 arch kernel: pci 0000:00:1c.0:   bridge window [mem 0xcc900000-0xccafffff 64bit pref]
Jun 21 01:13:17 arch kernel: pci 0000:00:1c.3: PCI bridge to [bus 02]
Jun 21 01:13:17 arch kernel: pci 0000:00:1c.3:   bridge window [mem 0xe1100000-0xe11fffff]
Jun 21 01:13:17 arch kernel: pci 0000:00:1d.0: PCI bridge to [bus 03]
Jun 21 01:13:17 arch kernel: pci 0000:00:1d.0:   bridge window [mem 0xe1200000-0xe12fffff]
Jun 21 01:13:17 arch kernel: pci_bus 0000:00: resource 4 [io  0x0000-0x0cf7 window]
Jun 21 01:13:17 arch kernel: pci_bus 0000:00: resource 5 [io  0x0d00-0xffff window]
Jun 21 01:13:17 arch kernel: pci_bus 0000:00: resource 6 [mem 0x000a0000-0x000effff window]
Jun 21 01:13:17 arch kernel: pci_bus 0000:00: resource 7 [mem 0xcc800000-0xf7ffffff window]
Jun 21 01:13:17 arch kernel: pci_bus 0000:00: resource 8 [mem 0xfd000000-0xfe7fffff window]
Jun 21 01:13:17 arch kernel: pci_bus 0000:01: resource 0 [io  0x4000-0x4fff]
Jun 21 01:13:17 arch kernel: pci_bus 0000:01: resource 1 [mem 0xe1000000-0xe10fffff]
Jun 21 01:13:17 arch kernel: pci_bus 0000:01: resource 2 [mem 0xcc900000-0xccafffff 64bit pref]
Jun 21 01:13:17 arch kernel: pci_bus 0000:02: resource 1 [mem 0xe1100000-0xe11fffff]
Jun 21 01:13:17 arch kernel: pci_bus 0000:03: resource 1 [mem 0xe1200000-0xe12fffff]
Jun 21 01:13:17 arch kernel: PCI: CLS 0 bytes, default 64
Jun 21 01:13:17 arch kernel: DMAR: ACPI device "device:6f" under DMAR at fed91000 as 00:15.0
Jun 21 01:13:17 arch kernel: PCI-DMA: Using software bounce buffering for IO (SWIOTLB)
Jun 21 01:13:17 arch kernel: software IO TLB: mapped [mem 0x000000009a5c9000-0x000000009e5c9000] (64MB)
Jun 21 01:13:17 arch kernel: Trying to unpack rootfs image as initramfs...
Jun 21 01:13:17 arch kernel: sgx: EPC section 0xa0200000-0xa5f7ffff
Jun 21 01:13:17 arch kernel: Initialise system trusted keyrings
Jun 21 01:13:17 arch kernel: Key type blacklist registered
Jun 21 01:13:17 arch kernel: workingset: timestamp_bits=41 max_order=22 bucket_order=0
Jun 21 01:13:17 arch kernel: zbud: loaded
Jun 21 01:13:17 arch kernel: integrity: Platform Keyring initialized
Jun 21 01:13:17 arch kernel: integrity: Machine keyring initialized
Jun 21 01:13:17 arch kernel: Key type asymmetric registered
Jun 21 01:13:17 arch kernel: Asymmetric key parser 'x509' registered
Jun 21 01:13:17 arch kernel: Freeing initrd memory: 14012K
Jun 21 01:13:17 arch kernel: alg: self-tests for CTR-KDF (hmac(sha256)) passed
Jun 21 01:13:17 arch kernel: Block layer SCSI generic (bsg) driver version 0.4 loaded (major 242)
Jun 21 01:13:17 arch kernel: io scheduler mq-deadline registered
Jun 21 01:13:17 arch kernel: io scheduler kyber registered
Jun 21 01:13:17 arch kernel: io scheduler bfq registered
Jun 21 01:13:17 arch kernel: pcieport 0000:00:1c.0: PME: Signaling with IRQ 122
Jun 21 01:13:17 arch kernel: pcieport 0000:00:1c.0: AER: enabled with IRQ 122
Jun 21 01:13:17 arch kernel: pcieport 0000:00:1c.0: pciehp: Slot #1 AttnBtn- PwrCtrl- MRL- AttnInd- PwrInd- HotPlug+ Surprise+ Interlock- NoCompl+ IbPresDis- LLActRep+
Jun 21 01:13:17 arch kernel: pcieport 0000:00:1c.3: PME: Signaling with IRQ 123
Jun 21 01:13:17 arch kernel: pcieport 0000:00:1c.3: AER: enabled with IRQ 123
Jun 21 01:13:17 arch kernel: pcieport 0000:00:1d.0: PME: Signaling with IRQ 124
Jun 21 01:13:17 arch kernel: pcieport 0000:00:1d.0: AER: enabled with IRQ 124
Jun 21 01:13:17 arch kernel: shpchp: Standard Hot Plug PCI Controller Driver version: 0.4
Jun 21 01:13:17 arch kernel: ACPI: AC: AC Adapter [AC] (on-line)
Jun 21 01:13:17 arch kernel: input: Sleep Button as /devices/LNXSYSTM:00/LNXSYBUS:00/PNP0C0E:00/input/input0
Jun 21 01:13:17 arch kernel: ACPI: button: Sleep Button [SLPB]
Jun 21 01:13:17 arch kernel: input: Lid Switch as /devices/LNXSYSTM:00/LNXSYBUS:00/PNP0C0D:00/input/input1
Jun 21 01:13:17 arch kernel: ACPI: button: Lid Switch [LID]
Jun 21 01:13:17 arch kernel: input: Power Button as /devices/LNXSYSTM:00/LNXPWRBN:00/input/input2
Jun 21 01:13:17 arch kernel: ACPI: button: Power Button [PWRF]
Jun 21 01:13:17 arch kernel: thermal LNXTHERM:00: registered as thermal_zone0
Jun 21 01:13:17 arch kernel: ACPI: thermal: Thermal Zone [CPUZ] (15 C)
Jun 21 01:13:17 arch kernel: thermal LNXTHERM:01: registered as thermal_zone1
Jun 21 01:13:17 arch kernel: ACPI: thermal: Thermal Zone [GFXZ] (0 C)
Jun 21 01:13:17 arch kernel: thermal LNXTHERM:02: registered as thermal_zone2
Jun 21 01:13:17 arch kernel: ACPI: thermal: Thermal Zone [EXTZ] (29 C)
Jun 21 01:13:17 arch kernel: thermal LNXTHERM:03: registered as thermal_zone3
Jun 21 01:13:17 arch kernel: ACPI: thermal: Thermal Zone [LOCZ] (31 C)
Jun 21 01:13:17 arch kernel: thermal LNXTHERM:04: registered as thermal_zone4
Jun 21 01:13:17 arch kernel: ACPI: thermal: Thermal Zone [BATZ] (25 C)
Jun 21 01:13:17 arch kernel: thermal LNXTHERM:05: registered as thermal_zone5
Jun 21 01:13:17 arch kernel: ACPI: thermal: Thermal Zone [PCHZ] (0 C)
Jun 21 01:13:17 arch kernel: Serial: 8250/16550 driver, 32 ports, IRQ sharing enabled
Jun 21 01:13:17 arch kernel: serial 0000:00:16.3: enabling device (0000 -> 0003)
Jun 21 01:13:17 arch kernel: 0000:00:16.3: ttyS4 at I/O 0x3080 (irq = 19, base_baud = 115200) is a 16550A
Jun 21 01:13:17 arch kernel: hpet_acpi_add: no address or irqs in _CRS
Jun 21 01:13:17 arch kernel: Non-volatile memory driver v1.3
Jun 21 01:13:17 arch kernel: Linux agpgart interface v0.103
Jun 21 01:13:17 arch kernel: AMD-Vi: AMD IOMMUv2 functionality not available on this system - This is not a bug.
Jun 21 01:13:17 arch kernel: ACPI: bus type drm_connector registered
Jun 21 01:13:17 arch kernel: ahci 0000:00:17.0: version 3.0
Jun 21 01:13:17 arch kernel: ahci 0000:00:17.0: SSS flag set, parallel bus scan disabled
Jun 21 01:13:17 arch kernel: ahci 0000:00:17.0: AHCI 0001.0301 32 slots 1 ports 6 Gbps 0x1 impl SATA mode
Jun 21 01:13:17 arch kernel: ahci 0000:00:17.0: flags: 64bit ncq stag pm led clo only pio slum part deso sadm sds apst 
Jun 21 01:13:17 arch kernel: scsi host0: ahci
Jun 21 01:13:17 arch kernel: ata1: SATA max UDMA/133 abar m2048@0xe134e000 port 0xe134e100 irq 125
Jun 21 01:13:17 arch kernel: ehci_hcd: USB 2.0 'Enhanced' Host Controller (EHCI) Driver
Jun 21 01:13:17 arch kernel: ehci-pci: EHCI PCI platform driver
Jun 21 01:13:17 arch kernel: ohci_hcd: USB 1.1 'Open' Host Controller (OHCI) Driver
Jun 21 01:13:17 arch kernel: ohci-pci: OHCI PCI platform driver
Jun 21 01:13:17 arch kernel: uhci_hcd: USB Universal Host Controller Interface driver
Jun 21 01:13:17 arch kernel: usbcore: registered new interface driver usbserial_generic
Jun 21 01:13:17 arch kernel: usbserial: USB Serial support registered for generic
Jun 21 01:13:17 arch kernel: rtc_cmos 00:03: RTC can wake from S4
Jun 21 01:13:17 arch kernel: rtc_cmos 00:03: registered as rtc0
Jun 21 01:13:17 arch kernel: rtc_cmos 00:03: setting system clock to 2022-06-21T06:13:13 UTC (1655791993)
Jun 21 01:13:17 arch kernel: rtc_cmos 00:03: alarms up to one month, y3k, 242 bytes nvram
Jun 21 01:13:17 arch kernel: intel_pstate: Intel P-state driver initializing
Jun 21 01:13:17 arch kernel: intel_pstate: HWP enabled
Jun 21 01:13:17 arch kernel: ledtrig-cpu: registered to indicate activity on CPUs
Jun 21 01:13:17 arch kernel: efifb: probing for efifb
Jun 21 01:13:17 arch kernel: efifb: showing boot graphics
Jun 21 01:13:17 arch kernel: efifb: framebuffer at 0xd0000000, using 4160k, total 4160k
Jun 21 01:13:17 arch kernel: efifb: mode is 1366x768x32, linelength=5504, pages=1
Jun 21 01:13:17 arch kernel: efifb: scrolling: redraw
Jun 21 01:13:17 arch kernel: efifb: Truecolor: size=8:8:8:8, shift=24:16:8:0
Jun 21 01:13:17 arch kernel: fbcon: Deferring console take-over
Jun 21 01:13:17 arch kernel: fb0: EFI VGA frame buffer device
Jun 21 01:13:17 arch kernel: hid: raw HID events driver (C) Jiri Kosina
Jun 21 01:13:17 arch kernel: intel_pmc_core INT33A1:00:  initialized
Jun 21 01:13:17 arch kernel: drop_monitor: Initializing network drop monitor service
Jun 21 01:13:17 arch kernel: ACPI: battery: Slot [BAT0] (battery present)
Jun 21 01:13:17 arch kernel: Initializing XFRM netlink socket
Jun 21 01:13:17 arch kernel: NET: Registered PF_INET6 protocol family
Jun 21 01:13:17 arch kernel: Segment Routing with IPv6
Jun 21 01:13:17 arch kernel: RPL Segment Routing with IPv6
Jun 21 01:13:17 arch kernel: In-situ OAM (IOAM) with IPv6
Jun 21 01:13:17 arch kernel: NET: Registered PF_PACKET protocol family
Jun 21 01:13:17 arch kernel: microcode: sig=0x406e3, pf=0x80, revision=0xf0
Jun 21 01:13:17 arch kernel: microcode: Microcode Update Driver: v2.2.
Jun 21 01:13:17 arch kernel: IPI shorthand broadcast: enabled
Jun 21 01:13:17 arch kernel: sched_clock: Marking stable (3617116706, 5883257)->(3641665294, -18665331)
Jun 21 01:13:17 arch kernel: registered taskstats version 1
Jun 21 01:13:17 arch kernel: Loading compiled-in X.509 certificates
Jun 21 01:13:17 arch kernel: Loaded X.509 cert 'Build time autogenerated kernel key: 7224eee32e57f501fdaf4587ae55848f5868227a'
Jun 21 01:13:17 arch kernel: zswap: loaded using pool lz4/z3fold
Jun 21 01:13:17 arch kernel: Key type ._fscrypt registered
Jun 21 01:13:17 arch kernel: Key type .fscrypt registered
Jun 21 01:13:17 arch kernel: Key type fscrypt-provisioning registered
Jun 21 01:13:17 arch kernel: PM:   Magic number: 10:380:216
Jun 21 01:13:17 arch kernel: acpi device:67: hash matches
Jun 21 01:13:17 arch kernel: acpi device:3a: hash matches
Jun 21 01:13:17 arch kernel: RAS: Correctable Errors collector initialized.
Jun 21 01:13:17 arch kernel: ata1: SATA link up 6.0 Gbps (SStatus 133 SControl 300)
Jun 21 01:13:17 arch kernel: ata1.00: ACPI cmd f5/00:00:00:00:00:e0(SECURITY FREEZE LOCK) filtered out
Jun 21 01:13:17 arch kernel: ata1.00: supports DRM functions and may not be fully accessible
Jun 21 01:13:17 arch kernel: ata1.00: ATA-10: CT1000MX500SSD1, M3CR043, max UDMA/133
Jun 21 01:13:17 arch kernel: ata1.00: 1953525168 sectors, multi 1: LBA48 NCQ (depth 32), AA
Jun 21 01:13:17 arch kernel: ata1.00: Features: Trust Dev-Sleep
Jun 21 01:13:17 arch kernel: ata1.00: ACPI cmd f5/00:00:00:00:00:e0(SECURITY FREEZE LOCK) filtered out
Jun 21 01:13:17 arch kernel: ata1.00: supports DRM functions and may not be fully accessible
Jun 21 01:13:17 arch kernel: ata1.00: configured for UDMA/133
Jun 21 01:13:17 arch kernel: scsi 0:0:0:0: Direct-Access     ATA      CT1000MX500SSD1  043  PQ: 0 ANSI: 5
Jun 21 01:13:17 arch kernel: sd 0:0:0:0: [sda] 1953525168 512-byte logical blocks: (1.00 TB/932 GiB)
Jun 21 01:13:17 arch kernel: sd 0:0:0:0: [sda] 4096-byte physical blocks
Jun 21 01:13:17 arch kernel: sd 0:0:0:0: [sda] Write Protect is off
Jun 21 01:13:17 arch kernel: sd 0:0:0:0: [sda] Mode Sense: 00 3a 00 00
Jun 21 01:13:17 arch kernel: sd 0:0:0:0: [sda] Write cache: enabled, read cache: enabled, doesn't support DPO or FUA
Jun 21 01:13:17 arch kernel:  sda: sda1 sda2 sda3 sda4 sda5
Jun 21 01:13:17 arch kernel: sd 0:0:0:0: [sda] supports TCG Opal
Jun 21 01:13:17 arch kernel: sd 0:0:0:0: [sda] Attached SCSI disk
Jun 21 01:13:17 arch kernel: Freeing unused decrypted memory: 2036K
Jun 21 01:13:17 arch kernel: Freeing unused kernel image (initmem) memory: 1860K
Jun 21 01:13:17 arch kernel: Write protecting the kernel read-only data: 28672k
Jun 21 01:13:17 arch kernel: Freeing unused kernel image (text/rodata gap) memory: 2040K
Jun 21 01:13:17 arch kernel: Freeing unused kernel image (rodata/data gap) memory: 1288K
Jun 21 01:13:17 arch kernel: x86/mm: Checked W+X mappings: passed, no W+X pages found.
Jun 21 01:13:17 arch kernel: rodata_test: all tests were successful
Jun 21 01:13:17 arch kernel: x86/mm: Checking user space page tables
Jun 21 01:13:17 arch kernel: x86/mm: Checked W+X mappings: passed, no W+X pages found.
Jun 21 01:13:17 arch kernel: Run /init as init process
Jun 21 01:13:17 arch kernel:   with arguments:
Jun 21 01:13:17 arch kernel:     /init
Jun 21 01:13:17 arch kernel:   with environment:
Jun 21 01:13:17 arch kernel:     HOME=/
Jun 21 01:13:17 arch kernel:     TERM=linux
Jun 21 01:13:17 arch kernel:     BOOT_IMAGE=/vmlinuz-linux
Jun 21 01:13:17 arch kernel: fbcon: Taking over console
Jun 21 01:13:17 arch kernel: Console: switching to colour frame buffer device 170x48
Jun 21 01:13:17 arch kernel: i8042: PNP: PS/2 Controller [PNP0303:PS2K,PNP0f13:PS2M] at 0x60,0x64 irq 1,12
Jun 21 01:13:17 arch kernel: i8042: Detected active multiplexing controller, rev 1.1
Jun 21 01:13:17 arch kernel: serio: i8042 KBD port at 0x60,0x64 irq 1
Jun 21 01:13:17 arch kernel: serio: i8042 AUX0 port at 0x60,0x64 irq 12
Jun 21 01:13:17 arch kernel: serio: i8042 AUX1 port at 0x60,0x64 irq 12
Jun 21 01:13:17 arch kernel: serio: i8042 AUX2 port at 0x60,0x64 irq 12
Jun 21 01:13:17 arch kernel: serio: i8042 AUX3 port at 0x60,0x64 irq 12
Jun 21 01:13:17 arch kernel: xhci_hcd 0000:00:14.0: xHCI Host Controller
Jun 21 01:13:17 arch kernel: xhci_hcd 0000:00:14.0: new USB bus registered, assigned bus number 1
Jun 21 01:13:17 arch kernel: xhci_hcd 0000:00:14.0: hcc params 0x200077c1 hci version 0x100 quirks 0x0000000081109810
Jun 21 01:13:17 arch kernel: rtsx_pci 0000:01:00.0: enabling device (0000 -> 0002)
Jun 21 01:13:17 arch kernel: xhci_hcd 0000:00:14.0: xHCI Host Controller
Jun 21 01:13:17 arch kernel: xhci_hcd 0000:00:14.0: new USB bus registered, assigned bus number 2
Jun 21 01:13:17 arch kernel: xhci_hcd 0000:00:14.0: Host supports USB 3.0 SuperSpeed
Jun 21 01:13:17 arch kernel: usb usb1: New USB device found, idVendor=1d6b, idProduct=0002, bcdDevice= 5.18
Jun 21 01:13:17 arch kernel: usb usb1: New USB device strings: Mfr=3, Product=2, SerialNumber=1
Jun 21 01:13:17 arch kernel: usb usb1: Product: xHCI Host Controller
Jun 21 01:13:17 arch kernel: usb usb1: Manufacturer: Linux 5.18.5-arch1-1 xhci-hcd
Jun 21 01:13:17 arch kernel: usb usb1: SerialNumber: 0000:00:14.0
Jun 21 01:13:17 arch kernel: nvme nvme0: pci function 0000:03:00.0
Jun 21 01:13:17 arch kernel: hub 1-0:1.0: USB hub found
Jun 21 01:13:17 arch kernel: hub 1-0:1.0: 12 ports detected
Jun 21 01:13:17 arch kernel: usb usb2: New USB device found, idVendor=1d6b, idProduct=0003, bcdDevice= 5.18
Jun 21 01:13:17 arch kernel: usb usb2: New USB device strings: Mfr=3, Product=2, SerialNumber=1
Jun 21 01:13:17 arch kernel: usb usb2: Product: xHCI Host Controller
Jun 21 01:13:17 arch kernel: usb usb2: Manufacturer: Linux 5.18.5-arch1-1 xhci-hcd
Jun 21 01:13:17 arch kernel: usb usb2: SerialNumber: 0000:00:14.0
Jun 21 01:13:17 arch kernel: hub 2-0:1.0: USB hub found
Jun 21 01:13:17 arch kernel: hub 2-0:1.0: 6 ports detected
Jun 21 01:13:17 arch kernel: usb: port power management may be unreliable
Jun 21 01:13:17 arch kernel: tsc: Refined TSC clocksource calibration: 2496.007 MHz
Jun 21 01:13:17 arch kernel: clocksource: tsc: mask: 0xffffffffffffffff max_cycles: 0x23fa7dcfe8c, max_idle_ns: 440795257887 ns
Jun 21 01:13:17 arch kernel: clocksource: Switched to clocksource tsc
Jun 21 01:13:17 arch kernel: usb 1-4: new high-speed USB device number 2 using xhci_hcd
Jun 21 01:13:17 arch kernel: usb 1-4: New USB device found, idVendor=0424, idProduct=2134, bcdDevice=50.00
Jun 21 01:13:17 arch kernel: usb 1-4: New USB device strings: Mfr=1, Product=2, SerialNumber=0
Jun 21 01:13:17 arch kernel: usb 1-4: Product: USB2134B
Jun 21 01:13:17 arch kernel: usb 1-4: Manufacturer: SMSC
Jun 21 01:13:17 arch kernel: hub 1-4:1.0: USB hub found
Jun 21 01:13:17 arch kernel: hub 1-4:1.0: 4 ports detected
Jun 21 01:13:17 arch kernel: usb 2-4: new SuperSpeed USB device number 2 using xhci_hcd
Jun 21 01:13:17 arch kernel: usb 2-4: New USB device found, idVendor=0424, idProduct=5534, bcdDevice=50.00
Jun 21 01:13:17 arch kernel: usb 2-4: New USB device strings: Mfr=2, Product=3, SerialNumber=0
Jun 21 01:13:17 arch kernel: usb 2-4: Product: USB5534B
Jun 21 01:13:17 arch kernel: usb 2-4: Manufacturer: SMSC
Jun 21 01:13:17 arch kernel: hub 2-4:1.0: USB hub found
Jun 21 01:13:17 arch kernel: hub 2-4:1.0: 4 ports detected
Jun 21 01:13:17 arch kernel: usb 1-7: new full-speed USB device number 3 using xhci_hcd
Jun 21 01:13:17 arch kernel: usb 1-7: New USB device found, idVendor=8087, idProduct=0a2b, bcdDevice= 0.01
Jun 21 01:13:17 arch kernel: usb 1-7: New USB device strings: Mfr=0, Product=0, SerialNumber=0
Jun 21 01:13:17 arch kernel: usb 1-4.1: new full-speed USB device number 4 using xhci_hcd
Jun 21 01:13:17 arch kernel: usb 1-4.1: New USB device found, idVendor=9886, idProduct=002c, bcdDevice= 0.00
Jun 21 01:13:17 arch kernel: usb 1-4.1: New USB device strings: Mfr=1, Product=2, SerialNumber=0
Jun 21 01:13:17 arch kernel: usb 1-4.1: Product: Astro A50
Jun 21 01:13:17 arch kernel: usb 1-4.1: Manufacturer: Astro Gaming
Jun 21 01:13:17 arch kernel: usb 2-4.4: new SuperSpeed USB device number 3 using xhci_hcd
Jun 21 01:13:17 arch kernel: usb 2-4.4: New USB device found, idVendor=05e3, idProduct=0617, bcdDevice=44.28
Jun 21 01:13:17 arch kernel: usb 2-4.4: New USB device strings: Mfr=1, Product=2, SerialNumber=0
Jun 21 01:13:17 arch kernel: usb 2-4.4: Product: USB3.0 Hub
Jun 21 01:13:17 arch kernel: usb 2-4.4: Manufacturer: GenesysLogic
Jun 21 01:13:17 arch kernel: hub 2-4.4:1.0: USB hub found
Jun 21 01:13:17 arch kernel: hub 2-4.4:1.0: 4 ports detected
Jun 21 01:13:17 arch kernel: usb 1-8: new full-speed USB device number 5 using xhci_hcd
Jun 21 01:13:17 arch kernel: usb 1-8: New USB device found, idVendor=138a, idProduct=003f, bcdDevice= 1.04
Jun 21 01:13:17 arch kernel: usb 1-8: New USB device strings: Mfr=0, Product=0, SerialNumber=1
Jun 21 01:13:17 arch kernel: usb 1-8: SerialNumber: 00a014ad3780
Jun 21 01:13:17 arch kernel: usb 1-4.4: new high-speed USB device number 6 using xhci_hcd
Jun 21 01:13:17 arch kernel: usb 1-4.4: New USB device found, idVendor=05e3, idProduct=0610, bcdDevice=44.28
Jun 21 01:13:17 arch kernel: usb 1-4.4: New USB device strings: Mfr=1, Product=2, SerialNumber=0
Jun 21 01:13:17 arch kernel: usb 1-4.4: Product: USB2.0 Hub
Jun 21 01:13:17 arch kernel: usb 1-4.4: Manufacturer: GenesysLogic
Jun 21 01:13:17 arch kernel: hub 1-4.4:1.0: USB hub found
Jun 21 01:13:17 arch kernel: hub 1-4.4:1.0: 4 ports detected
Jun 21 01:13:17 arch kernel: usb 2-4.4.4: new SuperSpeed USB device number 4 using xhci_hcd
Jun 21 01:13:17 arch kernel: usb 2-4.4.4: New USB device found, idVendor=05e3, idProduct=0617, bcdDevice=44.28
Jun 21 01:13:17 arch kernel: usb 2-4.4.4: New USB device strings: Mfr=1, Product=2, SerialNumber=0
Jun 21 01:13:17 arch kernel: usb 2-4.4.4: Product: USB3.0 Hub
Jun 21 01:13:17 arch kernel: usb 2-4.4.4: Manufacturer: GenesysLogic
Jun 21 01:13:17 arch kernel: hub 2-4.4.4:1.0: USB hub found
Jun 21 01:13:17 arch kernel: hub 2-4.4.4:1.0: 4 ports detected
Jun 21 01:13:17 arch kernel: usb 1-9: new high-speed USB device number 7 using xhci_hcd
Jun 21 01:13:17 arch kernel: usb 1-9: New USB device found, idVendor=04ca, idProduct=7054, bcdDevice= 0.09
Jun 21 01:13:17 arch kernel: usb 1-9: New USB device strings: Mfr=3, Product=1, SerialNumber=2
Jun 21 01:13:17 arch kernel: usb 1-9: Product: HP HD Camera
Jun 21 01:13:17 arch kernel: usb 1-9: Manufacturer: DETNR019I691HC
Jun 21 01:13:17 arch kernel: usb 1-9: SerialNumber: 200901010001
Jun 21 01:13:17 arch kernel: usb 1-4.4.4: new high-speed USB device number 8 using xhci_hcd
Jun 21 01:13:17 arch kernel: usb 1-4.4.4: New USB device found, idVendor=05e3, idProduct=0610, bcdDevice=44.28
Jun 21 01:13:17 arch kernel: usb 1-4.4.4: New USB device strings: Mfr=1, Product=2, SerialNumber=0
Jun 21 01:13:17 arch kernel: usb 1-4.4.4: Product: USB2.0 Hub
Jun 21 01:13:17 arch kernel: usb 1-4.4.4: Manufacturer: GenesysLogic
Jun 21 01:13:17 arch kernel: hub 1-4.4.4:1.0: USB hub found
Jun 21 01:13:17 arch kernel: hub 1-4.4.4:1.0: 4 ports detected
Jun 21 01:13:17 arch kernel: usb 2-4.4.4.3: new SuperSpeed USB device number 5 using xhci_hcd
Jun 21 01:13:17 arch kernel: usb 2-4.4.4.3: New USB device found, idVendor=0781, idProduct=5581, bcdDevice= 1.00
Jun 21 01:13:17 arch kernel: usb 2-4.4.4.3: New USB device strings: Mfr=1, Product=2, SerialNumber=3
Jun 21 01:13:17 arch kernel: usb 2-4.4.4.3: Product:  SanDisk 3.2Gen1
Jun 21 01:13:17 arch kernel: usb 2-4.4.4.3: Manufacturer:  USB
Jun 21 01:13:17 arch kernel: usb 2-4.4.4.3: SerialNumber: 0401e25f888df1b07afa5bf653fefab1ca7d4ed2d75fa0fea54706552377bb74d5fb00000000000000000000c60c13caff81e918815581077bab4d51
Jun 21 01:13:17 arch kernel: usb 2-4.4.4.4: new SuperSpeed USB device number 6 using xhci_hcd
Jun 21 01:13:17 arch kernel: usb 2-4.4.4.4: New USB device found, idVendor=0781, idProduct=5581, bcdDevice= 1.00
Jun 21 01:13:17 arch kernel: usb 2-4.4.4.4: New USB device strings: Mfr=1, Product=2, SerialNumber=3
Jun 21 01:13:17 arch kernel: usb 2-4.4.4.4: Product:  SanDisk 3.2Gen1
Jun 21 01:13:17 arch kernel: usb 2-4.4.4.4: Manufacturer:  USB
Jun 21 01:13:17 arch kernel: usb 2-4.4.4.4: SerialNumber: 0901c8c7b7f7e99d058e51c1582fbd579b4145d81afd0c9b7a2d4177b792bc6e3c6800000000000000000000280539baff02562081558107b32a0c35
Jun 21 01:13:17 arch kernel: usb 1-4.4.4.1: new full-speed USB device number 9 using xhci_hcd
Jun 21 01:13:17 arch kernel: nvme nvme0: Shutdown timeout set to 10 seconds
Jun 21 01:13:17 arch kernel: nvme nvme0: 4/0/0 default/read/poll queues
Jun 21 01:13:17 arch kernel:  nvme0n1: p1 p2 p3 p4 p5 p6 p7
Jun 21 01:13:17 arch kernel: usb-storage 2-4.4.4.3:1.0: USB Mass Storage device detected
Jun 21 01:13:17 arch kernel: hid-generic 0003:9886:002C.0001: hiddev96,hidraw0: USB HID v1.00 Device [Astro Gaming Astro A50] on usb-0000:00:14.0-4.1/input6
Jun 21 01:13:17 arch kernel: usbcore: registered new interface driver usbhid
Jun 21 01:13:17 arch kernel: usbhid: USB HID core driver
Jun 21 01:13:17 arch kernel: scsi host1: usb-storage 2-4.4.4.3:1.0
Jun 21 01:13:17 arch kernel: usb-storage 2-4.4.4.4:1.0: USB Mass Storage device detected
Jun 21 01:13:17 arch kernel: scsi host2: usb-storage 2-4.4.4.4:1.0
Jun 21 01:13:17 arch kernel: usbcore: registered new interface driver usb-storage
Jun 21 01:13:17 arch kernel: usbcore: registered new interface driver uas
Jun 21 01:13:17 arch kernel: usb 1-4.4.4.1: New USB device found, idVendor=046d, idProduct=c08c, bcdDevice=28.02
Jun 21 01:13:17 arch kernel: usb 1-4.4.4.1: New USB device strings: Mfr=1, Product=2, SerialNumber=3
Jun 21 01:13:17 arch kernel: usb 1-4.4.4.1: Product: G PRO Gaming Mouse
Jun 21 01:13:17 arch kernel: usb 1-4.4.4.1: Manufacturer: Logitech
Jun 21 01:13:17 arch kernel: usb 1-4.4.4.1: SerialNumber: 0B91385B3834
Jun 21 01:13:17 arch kernel: input: AT Translated Set 2 keyboard as /devices/platform/i8042/serio0/input/input3
Jun 21 01:13:17 arch kernel: input: Logitech G PRO Gaming Mouse as /devices/pci0000:00/0000:00:14.0/usb1/1-4/1-4.4/1-4.4.4/1-4.4.4.1/1-4.4.4.1:1.0/0003:046D:C08C.0002/input/input5
Jun 21 01:13:17 arch kernel: hid-generic 0003:046D:C08C.0002: input,hidraw1: USB HID v1.11 Mouse [Logitech G PRO Gaming Mouse] on usb-0000:00:14.0-4.4.4.1/input0
Jun 21 01:13:17 arch kernel: input: Logitech G PRO Gaming Mouse Keyboard as /devices/pci0000:00/0000:00:14.0/usb1/1-4/1-4.4/1-4.4.4/1-4.4.4.1/1-4.4.4.1:1.1/0003:046D:C08C.0003/input/input6
Jun 21 01:13:17 arch kernel: hid-generic 0003:046D:C08C.0003: input,hiddev97,hidraw2: USB HID v1.11 Keyboard [Logitech G PRO Gaming Mouse] on usb-0000:00:14.0-4.4.4.1/input1
Jun 21 01:13:17 arch kernel: usb 1-4.4.4.2: new full-speed USB device number 10 using xhci_hcd
Jun 21 01:13:17 arch kernel: usb 1-4.4.4.2: New USB device found, idVendor=046d, idProduct=c339, bcdDevice=13.02
Jun 21 01:13:17 arch kernel: usb 1-4.4.4.2: New USB device strings: Mfr=1, Product=2, SerialNumber=3
Jun 21 01:13:17 arch kernel: usb 1-4.4.4.2: Product: PRO Gaming Keyboard
Jun 21 01:13:17 arch kernel: usb 1-4.4.4.2: Manufacturer: Logitech
Jun 21 01:13:17 arch kernel: usb 1-4.4.4.2: SerialNumber: 0777387E3132
Jun 21 01:13:17 arch kernel: input: Logitech PRO Gaming Keyboard as /devices/pci0000:00/0000:00:14.0/usb1/1-4/1-4.4/1-4.4.4/1-4.4.4.2/1-4.4.4.2:1.0/0003:046D:C339.0004/input/input12
Jun 21 01:13:17 arch kernel: hid-generic 0003:046D:C339.0004: input,hidraw3: USB HID v1.11 Keyboard [Logitech PRO Gaming Keyboard] on usb-0000:00:14.0-4.4.4.2/input0
Jun 21 01:13:17 arch kernel: input: Logitech PRO Gaming Keyboard as /devices/pci0000:00/0000:00:14.0/usb1/1-4/1-4.4/1-4.4.4/1-4.4.4.2/1-4.4.4.2:1.1/0003:046D:C339.0005/input/input13
Jun 21 01:13:17 arch kernel: hid-generic 0003:046D:C339.0005: input,hiddev98,hidraw4: USB HID v1.11 Keyboard [Logitech PRO Gaming Keyboard] on usb-0000:00:14.0-4.4.4.2/input1
Jun 21 01:13:17 arch kernel: EXT4-fs (nvme0n1p1): mounted filesystem with ordered data mode. Quota mode: none.
Jun 21 01:13:17 arch systemd[1]: systemd 251.2-1-arch running in system mode (+PAM +AUDIT -SELINUX -APPARMOR -IMA +SMACK +SECCOMP +GCRYPT +GNUTLS +OPENSSL +ACL +BLKID +CURL +ELFUTILS +FIDO2 +IDN2 -IDN +IPTC +KMOD +LIBCRYPTSETUP +LIBFDISK +PCRE2 -PWQUALITY +P11KIT -QRENCODE +TPM2 +BZIP2 +LZ4 +XZ +ZLIB +ZSTD -BPF_FRAMEWORK +XKBCOMMON +UTMP -SYSVINIT default-hierarchy=unified)
Jun 21 01:13:17 arch systemd[1]: Detected architecture x86-64.
Jun 21 01:13:17 arch systemd[1]: Hostname set to <arch>.
Jun 21 01:13:17 arch systemd-fstab-generator[216]: Mount point  is not a valid path, ignoring.
Jun 21 01:13:17 arch systemd-fstab-generator[216]: Mount point  is not a valid path, ignoring.
Jun 21 01:13:17 arch systemd-fstab-generator[216]: Mount point  is not a valid path, ignoring.
Jun 21 01:13:17 arch zram_generator::config[224]: No configuration found.
Jun 21 01:13:17 arch systemd-fstab-generator[216]: Mount point  is not a valid path, ignoring.
Jun 21 01:13:17 arch systemd-fstab-generator[216]: Mount point  is not a valid path, ignoring.
Jun 21 01:13:17 arch systemd-fstab-generator[216]: Mount point  is not a valid path, ignoring.
Jun 21 01:13:17 arch systemd-fstab-generator[216]: Mount point  is not a valid path, ignoring.
Jun 21 01:13:17 arch systemd[1]: Queued start job for default target Graphical Interface.
Jun 21 01:13:17 arch systemd[1]: Created slice Slice /system/getty.
Jun 21 01:13:17 arch systemd[1]: Created slice Slice /system/modprobe.
Jun 21 01:13:17 arch systemd[1]: Created slice Slice /system/systemd-fsck.
Jun 21 01:13:17 arch systemd[1]: Created slice User and Session Slice.
Jun 21 01:13:17 arch systemd[1]: Started Dispatch Password Requests to Console Directory Watch.
Jun 21 01:13:17 arch systemd[1]: Started Forward Password Requests to Wall Directory Watch.
Jun 21 01:13:17 arch systemd[1]: Set up automount Arbitrary Executable File Formats File System Automount Point.
Jun 21 01:13:17 arch systemd[1]: Reached target Local Encrypted Volumes.
Jun 21 01:13:17 arch systemd[1]: Reached target Local Integrity Protected Volumes.
Jun 21 01:13:17 arch systemd[1]: Reached target Path Units.
Jun 21 01:13:17 arch systemd[1]: Reached target Remote File Systems.
Jun 21 01:13:17 arch systemd[1]: Reached target Slice Units.
Jun 21 01:13:17 arch systemd[1]: Reached target Swaps.
Jun 21 01:13:17 arch systemd[1]: Reached target Local Verity Protected Volumes.
Jun 21 01:13:17 arch systemd[1]: Listening on Device-mapper event daemon FIFOs.
Jun 21 01:13:17 arch systemd[1]: Listening on LVM2 poll daemon socket.
Jun 21 01:13:17 arch systemd[1]: Listening on Process Core Dump Socket.
Jun 21 01:13:17 arch systemd[1]: Listening on Journal Audit Socket.
Jun 21 01:13:17 arch systemd[1]: Listening on Journal Socket (/dev/log).
Jun 21 01:13:17 arch systemd[1]: Listening on Journal Socket.
Jun 21 01:13:17 arch systemd[1]: Listening on udev Control Socket.
Jun 21 01:13:17 arch systemd[1]: Listening on udev Kernel Socket.
Jun 21 01:13:17 arch systemd[1]: Mounting Huge Pages File System...
Jun 21 01:13:17 arch systemd[1]: Mounting POSIX Message Queue File System...
Jun 21 01:13:17 arch systemd[1]: Mounting Kernel Debug File System...
Jun 21 01:13:17 arch systemd[1]: Mounting Kernel Trace File System...
Jun 21 01:13:17 arch systemd[1]: Mounting Temporary Directory /tmp...
Jun 21 01:13:17 arch systemd[1]: Starting Create List of Static Device Nodes...
Jun 21 01:13:17 arch systemd[1]: Starting Monitoring of LVM2 mirrors, snapshots etc. using dmeventd or progress polling...
Jun 21 01:13:17 arch systemd[1]: Starting Load Kernel Module configfs...
Jun 21 01:13:17 arch systemd[1]: Starting Load Kernel Module drm...
Jun 21 01:13:17 arch systemd[1]: Starting Load Kernel Module fuse...
Jun 21 01:13:17 arch systemd[1]: File System Check on Root Device was skipped because of a failed condition check (ConditionPathIsReadWrite=!/).
Jun 21 01:13:17 arch systemd[1]: Starting Journal Service...
Jun 21 01:13:17 arch systemd[1]: Starting Load Kernel Modules...
Jun 21 01:13:17 arch systemd[1]: Starting Remount Root and Kernel File Systems...
Jun 21 01:13:17 arch systemd[1]: Repartition Root Disk was skipped because all trigger condition checks failed.
Jun 21 01:13:17 arch systemd[1]: Starting Coldplug All udev Devices...
Jun 21 01:13:17 arch systemd[1]: Mounted Huge Pages File System.
Jun 21 01:13:17 arch systemd[1]: Mounted POSIX Message Queue File System.
Jun 21 01:13:17 arch systemd[1]: Mounted Kernel Debug File System.
Jun 21 01:13:17 arch systemd[1]: Mounted Kernel Trace File System.
Jun 21 01:13:17 arch systemd[1]: Mounted Temporary Directory /tmp.
Jun 21 01:13:17 arch systemd[1]: Finished Create List of Static Device Nodes.
Jun 21 01:13:17 arch systemd[1]: modprobe@configfs.service: Deactivated successfully.
Jun 21 01:13:17 arch systemd[1]: Finished Load Kernel Module configfs.
Jun 21 01:13:17 arch systemd[1]: modprobe@drm.service: Deactivated successfully.
Jun 21 01:13:17 arch systemd[1]: Finished Load Kernel Module drm.
Jun 21 01:13:17 arch systemd[1]: Mounting Kernel Configuration File System...
Jun 21 01:13:17 arch kernel: EXT4-fs (nvme0n1p1): re-mounted. Quota mode: none.
Jun 21 01:13:17 arch kernel: fuse: init (API version 7.36)
Jun 21 01:13:17 arch systemd[1]: Finished Remount Root and Kernel File Systems.
Jun 21 01:13:17 arch systemd[1]: modprobe@fuse.service: Deactivated successfully.
Jun 21 01:13:17 arch systemd[1]: Finished Load Kernel Module fuse.
Jun 21 01:13:17 arch systemd[1]: Mounting FUSE Control File System...
Jun 21 01:13:17 arch systemd[1]: First Boot Wizard was skipped because of a failed condition check (ConditionFirstBoot=yes).
Jun 21 01:13:17 arch systemd[1]: Rebuild Hardware Database was skipped because of a failed condition check (ConditionNeedsUpdate=/etc).
Jun 21 01:13:17 arch systemd[1]: Create System Users was skipped because of a failed condition check (ConditionNeedsUpdate=/etc).
Jun 21 01:13:17 arch systemd[1]: Starting Create Static Device Nodes in /dev...
Jun 21 01:13:17 arch systemd[1]: Mounted Kernel Configuration File System.
Jun 21 01:13:17 arch systemd[1]: Mounted FUSE Control File System.
Jun 21 01:13:17 arch kernel: IPMI message handler: version 39.2
Jun 21 01:13:17 arch kernel: ipmi device interface
Jun 21 01:13:17 arch kernel: i2c_dev: i2c /dev entries driver
Jun 21 01:13:17 arch systemd[1]: Finished Create Static Device Nodes in /dev.
Jun 21 01:13:17 arch systemd[1]: Starting Rule-based Manager for Device Events and Files...
Jun 21 01:13:17 arch kernel: audit: type=1130 audit(1655791997.512:2): pid=1 uid=0 auid=4294967295 ses=4294967295 msg='unit=systemd-tmpfiles-setup-dev comm="systemd" exe="/usr/lib/systemd/systemd" hostname=? addr=? terminal=? res=success'
Jun 21 01:13:17 arch kernel: audit: type=1334 audit(1655791997.512:3): prog-id=9 op=LOAD
Jun 21 01:13:17 arch kernel: audit: type=1334 audit(1655791997.512:4): prog-id=10 op=LOAD
Jun 21 01:13:17 arch kernel: audit: type=1334 audit(1655791997.512:5): prog-id=11 op=LOAD
Jun 21 01:13:17 arch kernel: vboxdrv: loading out-of-tree module taints kernel.
Jun 21 01:13:17 arch kernel: vboxdrv: module verification failed: signature and/or required key missing - tainting kernel
Jun 21 01:13:17 arch systemd[1]: Finished Monitoring of LVM2 mirrors, snapshots etc. using dmeventd or progress polling.
Jun 21 01:13:17 arch systemd[1]: Reached target Preparation for Local File Systems.
Jun 21 01:13:17 arch kernel: audit: type=1130 audit(1655791997.532:6): pid=1 uid=0 auid=4294967295 ses=4294967295 msg='unit=lvm2-monitor comm="systemd" exe="/usr/lib/systemd/systemd" hostname=? addr=? terminal=? res=success'
Jun 21 01:13:17 arch kernel: vboxdrv: Found 4 processor cores
Jun 21 01:13:17 arch systemd-journald[235]: Journal started
Jun 21 01:13:17 arch systemd-journald[235]: Runtime Journal (/run/log/journal/a2ba70f17f364eb8b38e9e5524e6da16) is 8.0M, max 762.6M, 754.6M free.
Jun 21 01:13:17 arch audit[1]: SERVICE_START pid=1 uid=0 auid=4294967295 ses=4294967295 msg='unit=systemd-tmpfiles-setup-dev comm="systemd" exe="/usr/lib/systemd/systemd" hostname=? addr=? terminal=? res=success'
Jun 21 01:13:17 arch audit: BPF prog-id=9 op=LOAD
Jun 21 01:13:17 arch audit: BPF prog-id=10 op=LOAD
Jun 21 01:13:17 arch audit: BPF prog-id=11 op=LOAD
Jun 21 01:13:17 arch audit[1]: SERVICE_START pid=1 uid=0 auid=4294967295 ses=4294967295 msg='unit=lvm2-monitor comm="systemd" exe="/usr/lib/systemd/systemd" hostname=? addr=? terminal=? res=success'
Jun 21 01:13:17 arch audit[1]: SERVICE_START pid=1 uid=0 auid=4294967295 ses=4294967295 msg='unit=systemd-journald comm="systemd" exe="/usr/lib/systemd/systemd" hostname=? addr=? terminal=? res=success'
Jun 21 01:13:17 arch systemd-modules-load[236]: Inserted module 'crypto_user'
Jun 21 01:13:17 arch systemd-modules-load[236]: Inserted module 'ipmi_devintf'
Jun 21 01:13:17 arch systemd[1]: Started Journal Service.
Jun 21 01:13:17 arch kernel: audit: type=1130 audit(1655791997.535:7): pid=1 uid=0 auid=4294967295 ses=4294967295 msg='unit=systemd-journald comm="systemd" exe="/usr/lib/systemd/systemd" hostname=? addr=? terminal=? res=success'
Jun 21 01:13:17 arch systemd-modules-load[236]: Inserted module 'i2c_dev'
Jun 21 01:13:17 arch systemd-udevd[244]: Using default interface naming scheme 'v251'.
Jun 21 01:13:17 arch systemd-udevd[244]: Configuration file /usr/lib/udev/rules.d/77-mm-fibocom-port-types.rules is marked executable. Please remove executable permission bits. Proceeding anyway.
Jun 21 01:13:17 arch systemd-modules-load[236]: Inserted module 'vboxdrv'
Jun 21 01:13:17 arch kernel: vboxdrv: TSC mode is Invariant, tentative frequency 2496006053 Hz
Jun 21 01:13:17 arch kernel: vboxdrv: Successfully loaded version 6.1.34 r150636 (interface 0x00320000)
Jun 21 01:13:17 arch systemd-modules-load[236]: Inserted module 'vboxnetadp'
Jun 21 01:13:17 arch kernel: VBoxNetAdp: Successfully started.
Jun 21 01:13:17 arch audit[1]: SERVICE_START pid=1 uid=0 auid=4294967295 ses=4294967295 msg='unit=systemd-udevd comm="systemd" exe="/usr/lib/systemd/systemd" hostname=? addr=? terminal=? res=success'
Jun 21 01:13:17 arch systemd-modules-load[236]: Inserted module 'vboxnetflt'
Jun 21 01:13:17 arch systemd[1]: Started Rule-based Manager for Device Events and Files.
Jun 21 01:13:17 arch kernel: VBoxNetFlt: Successfully started.
Jun 21 01:13:17 arch kernel: audit: type=1130 audit(1655791997.569:8): pid=1 uid=0 auid=4294967295 ses=4294967295 msg='unit=systemd-udevd comm="systemd" exe="/usr/lib/systemd/systemd" hostname=? addr=? terminal=? res=success'
Jun 21 01:13:17 arch kernel: audit: type=1130 audit(1655791997.569:9): pid=1 uid=0 auid=4294967295 ses=4294967295 msg='unit=systemd-modules-load comm="systemd" exe="/usr/lib/systemd/systemd" hostname=? addr=? terminal=? res=success'
Jun 21 01:13:17 arch audit[1]: SERVICE_START pid=1 uid=0 auid=4294967295 ses=4294967295 msg='unit=systemd-modules-load comm="systemd" exe="/usr/lib/systemd/systemd" hostname=? addr=? terminal=? res=success'
Jun 21 01:13:17 arch systemd[1]: Finished Load Kernel Modules.
Jun 21 01:13:17 arch systemd[1]: Starting Apply Kernel Variables...
Jun 21 01:13:17 arch audit[1]: SERVICE_START pid=1 uid=0 auid=4294967295 ses=4294967295 msg='unit=systemd-sysctl comm="systemd" exe="/usr/lib/systemd/systemd" hostname=? addr=? terminal=? res=success'
Jun 21 01:13:17 arch systemd[1]: Finished Apply Kernel Variables.
Jun 21 01:13:17 arch kernel: audit: type=1130 audit(1655791997.579:10): pid=1 uid=0 auid=4294967295 ses=4294967295 msg='unit=systemd-sysctl comm="systemd" exe="/usr/lib/systemd/systemd" hostname=? addr=? terminal=? res=success'
Jun 21 01:13:17 arch systemd[1]: Finished Coldplug All udev Devices.
Jun 21 01:13:17 arch audit[1]: SERVICE_START pid=1 uid=0 auid=4294967295 ses=4294967295 msg='unit=systemd-udev-trigger comm="systemd" exe="/usr/lib/systemd/systemd" hostname=? addr=? terminal=? res=success'
Jun 21 01:13:17 arch kernel: audit: type=1130 audit(1655791997.602:11): pid=1 uid=0 auid=4294967295 ses=4294967295 msg='unit=systemd-udev-trigger comm="systemd" exe="/usr/lib/systemd/systemd" hostname=? addr=? terminal=? res=success'
Jun 21 01:13:17 arch kernel: input: Wireless hotkeys as /devices/virtual/input/input16
Jun 21 01:13:17 arch kernel: scsi 1:0:0:0: Direct-Access      USB      SanDisk 3.2Gen1 1.00 PQ: 0 ANSI: 6
Jun 21 01:13:17 arch kernel: scsi 2:0:0:0: Direct-Access      USB      SanDisk 3.2Gen1 1.00 PQ: 0 ANSI: 6
Jun 21 01:13:17 arch kernel: sd 2:0:0:0: [sdb] 60063744 512-byte logical blocks: (30.8 GB/28.6 GiB)
Jun 21 01:13:17 arch kernel: hp_accel: laptop model unknown, using default axes configuration
Jun 21 01:13:17 arch kernel: sd 1:0:0:0: [sdc] 488374272 512-byte logical blocks: (250 GB/233 GiB)
Jun 21 01:13:17 arch kernel: sd 1:0:0:0: [sdc] Write Protect is off
Jun 21 01:13:17 arch kernel: sd 1:0:0:0: [sdc] Mode Sense: 43 00 00 00
Jun 21 01:13:17 arch kernel: sd 2:0:0:0: [sdb] Write Protect is off
Jun 21 01:13:17 arch kernel: sd 2:0:0:0: [sdb] Mode Sense: 43 00 00 00
Jun 21 01:13:17 arch kernel: sd 1:0:0:0: [sdc] Write cache: disabled, read cache: enabled, doesn't support DPO or FUA
Jun 21 01:13:17 arch kernel: sd 2:0:0:0: [sdb] Write cache: disabled, read cache: enabled, doesn't support DPO or FUA
Jun 21 01:13:17 arch systemd[1]: Found device Samsung SSD 970 EVO Plus 1TB 4.
Jun 21 01:13:17 arch systemd[1]: Starting File System Check on /dev/disk/by-uuid/ba2d084b-37a4-4d03-b97a-d2e9e31976b0...
Jun 21 01:13:17 arch kernel:  sdc: sdc1
Jun 21 01:13:17 arch kernel: sd 1:0:0:0: [sdc] Attached SCSI removable disk
Jun 21 01:13:17 arch kernel:  sdb: sdb1 sdb2
Jun 21 01:13:17 arch systemd[1]: Found device Samsung SSD 970 EVO Plus 1TB 2.
Jun 21 01:13:17 arch kernel: sd 2:0:0:0: [sdb] Attached SCSI removable disk
Jun 21 01:13:17 arch systemd[1]: Found device Samsung SSD 970 EVO Plus 1TB 3.
Jun 21 01:13:17 arch systemd[1]: Found device Samsung SSD 970 EVO Plus 1TB 5.
Jun 21 01:13:17 arch systemd[1]: Found device Samsung SSD 970 EVO Plus 1TB 6.
Jun 21 01:13:17 arch systemd[1]: Starting File System Check on /dev/disk/by-uuid/4c323ab9-036d-4dd8-9e0f-be9af11179b8...
Jun 21 01:13:17 arch systemd[1]: Starting File System Check on /dev/disk/by-uuid/F3DE-2F3F...
Jun 21 01:13:17 arch systemd-fsck[278]: /dev/nvme0n1p4: clean, 1300179/7864320 files, 16127562/31457280 blocks
Jun 21 01:13:17 arch systemd[1]: Starting File System Check on /dev/disk/by-uuid/e5acc72c-f5a8-4cc6-8020-8bc454860f44...
Jun 21 01:13:17 arch systemd[1]: Starting File System Check on /dev/disk/by-uuid/f7539dfa-db4d-4f76-b47d-9b77c5c31b46...
Jun 21 01:13:17 arch systemd[1]: Finished File System Check on /dev/disk/by-uuid/ba2d084b-37a4-4d03-b97a-d2e9e31976b0.
Jun 21 01:13:17 arch audit[1]: SERVICE_START pid=1 uid=0 auid=4294967295 ses=4294967295 msg='unit=systemd-fsck@dev-disk-by\x2duuid-ba2d084b\x2d37a4\x2d4d03\x2db97a\x2dd2e9e31976b0 comm="systemd" exe="/usr/lib/systemd/systemd" hostname=? addr=? terminal=? res=success'
Jun 21 01:13:17 arch systemd[1]: Mounting /home...
Jun 21 01:13:17 arch systemd-fsck[285]: /dev/nvme0n1p5: clean, 15098/3932160 files, 501725/15728640 blocks
Jun 21 01:13:17 arch systemd-fsck[290]: /dev/nvme0n1p3: clean, 7187/2621440 files, 946682/10485760 blocks
Jun 21 01:13:17 arch systemd-fsck[293]: /dev/nvme0n1p6: clean, 33/3932160 files, 8292437/15728640 blocks
Jun 21 01:13:17 arch audit[1]: SERVICE_START pid=1 uid=0 auid=4294967295 ses=4294967295 msg='unit=systemd-fsck@dev-disk-by\x2duuid-e5acc72c\x2df5a8\x2d4cc6\x2d8020\x2d8bc454860f44 comm="systemd" exe="/usr/lib/systemd/systemd" hostname=? addr=? terminal=? res=success'
Jun 21 01:13:17 arch systemd[1]: Finished File System Check on /dev/disk/by-uuid/e5acc72c-f5a8-4cc6-8020-8bc454860f44.
Jun 21 01:13:17 arch systemd[1]: Mounting /var...
Jun 21 01:13:17 arch systemd[1]: Finished File System Check on /dev/disk/by-uuid/4c323ab9-036d-4dd8-9e0f-be9af11179b8.
Jun 21 01:13:17 arch audit[1]: SERVICE_START pid=1 uid=0 auid=4294967295 ses=4294967295 msg='unit=systemd-fsck@dev-disk-by\x2duuid-4c323ab9\x2d036d\x2d4dd8\x2d9e0f\x2dbe9af11179b8 comm="systemd" exe="/usr/lib/systemd/systemd" hostname=? addr=? terminal=? res=success'
Jun 21 01:13:17 arch systemd[1]: Mounting /opt...
Jun 21 01:13:17 arch kernel: EXT4-fs (nvme0n1p4): mounted filesystem with ordered data mode. Quota mode: none.
Jun 21 01:13:17 arch systemd[1]: Finished File System Check on /dev/disk/by-uuid/f7539dfa-db4d-4f76-b47d-9b77c5c31b46.
Jun 21 01:13:17 arch audit[1]: SERVICE_START pid=1 uid=0 auid=4294967295 ses=4294967295 msg='unit=systemd-fsck@dev-disk-by\x2duuid-f7539dfa\x2ddb4d\x2d4f76\x2db47d\x2d9b77c5c31b46 comm="systemd" exe="/usr/lib/systemd/systemd" hostname=? addr=? terminal=? res=success'
Jun 21 01:13:17 arch systemd[1]: Mounted /home.
Jun 21 01:13:17 arch systemd[1]: Mounting /srv...
Jun 21 01:13:17 arch systemd[1]: Mounted /var.
Jun 21 01:13:17 arch kernel: EXT4-fs (nvme0n1p3): mounted filesystem with ordered data mode. Quota mode: none.
Jun 21 01:13:17 arch kernel: EXT4-fs (nvme0n1p5): mounted filesystem with ordered data mode. Quota mode: none.
Jun 21 01:13:17 arch systemd[1]: Mounted /opt.
Jun 21 01:13:17 arch systemd-fsck[289]: fsck.fat 4.2 (2021-01-31)
Jun 21 01:13:17 arch systemd-fsck[289]: /dev/nvme0n1p2: 374 files, 18223/261628 clusters
Jun 21 01:13:17 arch systemd[1]: Virtual Machine and Container Storage (Compatibility) was skipped because of a failed condition check (ConditionPathExists=/var/lib/machines.raw).
Jun 21 01:13:17 arch systemd[1]: Starting Flush Journal to Persistent Storage...
Jun 21 01:13:17 arch systemd[1]: Starting Load/Save Random Seed...
Jun 21 01:13:17 arch systemd[1]: Finished File System Check on /dev/disk/by-uuid/F3DE-2F3F.
Jun 21 01:13:17 arch audit[1]: SERVICE_START pid=1 uid=0 auid=4294967295 ses=4294967295 msg='unit=systemd-fsck@dev-disk-by\x2duuid-F3DE\x2d2F3F comm="systemd" exe="/usr/lib/systemd/systemd" hostname=? addr=? terminal=? res=success'
Jun 21 01:13:17 arch kernel: EXT4-fs (nvme0n1p6): mounted filesystem with ordered data mode. Quota mode: none.
Jun 21 01:13:17 arch systemd[1]: Mounted /srv.
Jun 21 01:13:17 arch systemd-journald[235]: Time spent on flushing to /var/log/journal/a2ba70f17f364eb8b38e9e5524e6da16 is 29.587ms for 995 entries.
Jun 21 01:13:17 arch systemd-journald[235]: System Journal (/var/log/journal/a2ba70f17f364eb8b38e9e5524e6da16) is 169.1M, max 3.9G, 3.7G free.
Jun 21 01:13:17 arch systemd-journald[235]: Received client request to flush runtime journal.
Jun 21 01:13:17 arch kernel: lis3lv02d: 8 bits 3DC sensor found
Jun 21 01:13:17 arch kernel: tpm_tis 00:0b: 1.2 TPM (device-id 0x1B, rev-id 16)
Jun 21 01:13:17 arch audit[1]: SERVICE_START pid=1 uid=0 auid=4294967295 ses=4294967295 msg='unit=systemd-random-seed comm="systemd" exe="/usr/lib/systemd/systemd" hostname=? addr=? terminal=? res=success'
Jun 21 01:13:17 arch systemd[1]: Finished Load/Save Random Seed.
Jun 21 01:13:17 arch systemd[1]: First Boot Complete was skipped because of a failed condition check (ConditionFirstBoot=yes).
Jun 21 01:13:17 arch audit[1]: SERVICE_START pid=1 uid=0 auid=4294967295 ses=4294967295 msg='unit=systemd-journal-flush comm="systemd" exe="/usr/lib/systemd/systemd" hostname=? addr=? terminal=? res=success'
Jun 21 01:13:17 arch systemd[1]: Finished Flush Journal to Persistent Storage.
Jun 21 01:13:17 arch systemd[1]: Found device CT1000MX500SSD1 3.
Jun 21 01:13:17 arch systemd[1]: Starting File System Check on /dev/disk/by-uuid/9776c38a-94b4-4ab7-a2b6-7bde95a903b3...
Jun 21 01:13:17 arch kernel: acpi PNP0C14:01: duplicate WMI GUID 05901221-D566-11D1-B2F0-00A0C9062910 (first instance was on PNP0C14:00)
Jun 21 01:13:17 arch kernel: input: ST LIS3LV02DL Accelerometer as /devices/platform/lis3lv02d/input/input17
Jun 21 01:13:18 arch systemd-fsck[363]: /dev/sda3: clean, 66/6553600 files, 562867/26214144 blocks
Jun 21 01:13:18 arch kernel: checking generic (d0000000 410000) vs hw (e0000000 1000000)
Jun 21 01:13:18 arch kernel: checking generic (d0000000 410000) vs hw (d0000000 10000000)
Jun 21 01:13:18 arch kernel: fb0: switching to i915 from EFI VGA
Jun 21 01:13:18 arch kernel: Console: switching to colour dummy device 80x25
Jun 21 01:13:18 arch audit[1]: SERVICE_START pid=1 uid=0 auid=4294967295 ses=4294967295 msg='unit=systemd-fsck@dev-disk-by\x2duuid-9776c38a\x2d94b4\x2d4ab7\x2da2b6\x2d7bde95a903b3 comm="systemd" exe="/usr/lib/systemd/systemd" hostname=? addr=? terminal=? res=success'
Jun 21 01:13:18 arch systemd[1]: Finished File System Check on /dev/disk/by-uuid/9776c38a-94b4-4ab7-a2b6-7bde95a903b3.
Jun 21 01:13:18 arch kernel: i915 0000:00:02.0: vgaarb: deactivate vga console
Jun 21 01:13:18 arch kernel: i915 0000:00:02.0: vgaarb: changed VGA decodes: olddecodes=io+mem,decodes=io+mem:owns=io+mem
Jun 21 01:13:18 arch kernel: i915 0000:00:02.0: [drm] Finished loading DMC firmware i915/skl_dmc_ver1_27.bin (v1.27)
Jun 21 01:13:18 arch kernel: mc: Linux media interface: v0.10
Jun 21 01:13:18 arch kernel: videodev: Linux video capture interface: v2.00
Jun 21 01:13:18 arch kernel: mousedev: PS/2 mouse device common for all mice
Jun 21 01:13:18 arch kernel: [drm] Initialized i915 1.6.0 20201103 for 0000:00:02.0 on minor 0
Jun 21 01:13:18 arch kernel: ACPI: video: Video Device [GFX0] (multi-head: yes  rom: no  post: no)
Jun 21 01:13:18 arch kernel: input: Video Bus as /devices/LNXSYSTM:00/LNXSYBUS:00/PNP0A08:00/LNXVIDEO:00/input/input18
Jun 21 01:13:18 arch kernel: fbcon: i915drmfb (fb0) is primary device
Jun 21 01:13:18 arch kernel: intel-lpss 0000:00:15.0: enabling device (0000 -> 0002)
Jun 21 01:13:18 arch kernel: idma64 idma64.0: Found Intel integrated DMA 64-bit
Jun 21 01:13:18 arch kernel: Bluetooth: Core ver 2.22
Jun 21 01:13:18 arch kernel: NET: Registered PF_BLUETOOTH protocol family
Jun 21 01:13:18 arch kernel: Bluetooth: HCI device and connection manager initialized
Jun 21 01:13:18 arch kernel: Bluetooth: HCI socket layer initialized
Jun 21 01:13:18 arch kernel: Bluetooth: L2CAP socket layer initialized
Jun 21 01:13:18 arch kernel: Bluetooth: SCO socket layer initialized
Jun 21 01:13:18 arch kernel: e1000e: Intel(R) PRO/1000 Network Driver
Jun 21 01:13:18 arch kernel: e1000e: Copyright(c) 1999 - 2015 Intel Corporation.
Jun 21 01:13:18 arch kernel: e1000e 0000:00:1f.6: Interrupt Throttling Rate (ints/sec) set to dynamic conservative mode
Jun 21 01:13:18 arch kernel: cfg80211: Loading compiled-in X.509 certificates for regulatory database
Jun 21 01:13:18 arch kernel: cfg80211: Loaded X.509 cert 'sforshee: 00b28ddf47aef9cea7'
Jun 21 01:13:18 arch kernel: platform regulatory.0: Direct firmware load for regulatory.db failed with error -2
Jun 21 01:13:18 arch kernel: cfg80211: failed to load regulatory.db
Jun 21 01:13:18 arch kernel: e1000e 0000:00:1f.6 0000:00:1f.6 (uninitialized): registered PHC clock
Jun 21 01:13:18 arch kernel: RAPL PMU: API unit is 2^-32 Joules, 4 fixed counters, 655360 ms ovfl timer
Jun 21 01:13:18 arch kernel: RAPL PMU: hw unit of domain pp0-core 2^-14 Joules
Jun 21 01:13:18 arch kernel: RAPL PMU: hw unit of domain package 2^-14 Joules
Jun 21 01:13:18 arch kernel: RAPL PMU: hw unit of domain pp1-gpu 2^-14 Joules
Jun 21 01:13:18 arch kernel: RAPL PMU: hw unit of domain psys 2^-14 Joules
Jun 21 01:13:18 arch kernel: cryptd: max_cpu_qlen set to 1000
Jun 21 01:13:18 arch kernel: e1000e 0000:00:1f.6 eth0: (PCI Express:2.5GT/s:Width x1) 3c:52:82:48:40:ec
Jun 21 01:13:18 arch kernel: e1000e 0000:00:1f.6 eth0: Intel(R) PRO/1000 Network Connection
Jun 21 01:13:18 arch kernel: e1000e 0000:00:1f.6 eth0: MAC: 12, PHY: 12, PBA No: FFFFFF-0FF
Jun 21 01:13:18 arch systemd[1]: Mounting /boot...
Jun 21 01:13:18 arch systemd[1]: Mounting /bu...
Jun 21 01:13:18 arch kernel: EXT4-fs (sda3): mounted filesystem with ordered data mode. Quota mode: none.
Jun 21 01:13:18 arch systemd[1]: Mounted /bu.
Jun 21 01:13:18 arch systemd[1]: Listening on Load/Save RF Kill Switch Status /dev/rfkill Watch.
Jun 21 01:13:18 arch kernel: psmouse serio3: synaptics: queried max coordinates: x [..5720], y [..4836]
Jun 21 01:13:19 arch kernel: psmouse serio3: synaptics: queried min coordinates: x [1332..], y [1146..]
Jun 21 01:13:19 arch kernel: psmouse serio3: synaptics: Your touchpad (PNP: SYN3039 SYN0100 SYN0002 PNP0f13) says it can support a different bus. If i2c-hid and hid-rmi are not used, you might want to try setting psmouse.synaptics_intertouch to 1 and report this to linux-input@vger.kernel.org.
Jun 21 01:13:19 arch kernel: psmouse serio3: synaptics: Touchpad model: 1, fw: 8.2, id: 0x1e2b1, caps: 0xf00123/0x840300/0x2e800/0x0, board id: 3146, fw id: 2004303
Jun 21 01:13:19 arch kernel: input: SynPS/2 Synaptics TouchPad as /devices/platform/i8042/serio3/input/input21
Jun 21 01:13:19 arch kernel: Console: switching to colour frame buffer device 170x48
Jun 21 01:13:19 arch kernel: i915 0000:00:02.0: [drm] fb0: i915drmfb frame buffer device
Jun 21 01:13:19 arch systemd[1]: Mounted /boot.
Jun 21 01:13:19 arch systemd[1]: Reached target Local File Systems.
Jun 21 01:13:19 arch systemd[1]: Rebuild Dynamic Linker Cache was skipped because all trigger condition checks failed.
Jun 21 01:13:19 arch systemd[1]: Set Up Additional Binary Formats was skipped because all trigger condition checks failed.
Jun 21 01:13:19 arch systemd[1]: Store a System Token in an EFI Variable was skipped because of a failed condition check (ConditionPathExists=/sys/firmware/efi/efivars/LoaderFeatures-4a67b082-0a4c-41cf-b6c7-440b29bb8c4f).
Jun 21 01:13:19 arch systemd[1]: Commit a transient machine-id on disk was skipped because of a failed condition check (ConditionPathIsMountPoint=/etc/machine-id).
Jun 21 01:13:19 arch systemd[1]: Starting Create Volatile Files and Directories...
Jun 21 01:13:19 arch kernel: i801_smbus 0000:00:1f.4: enabling device (0000 -> 0003)
Jun 21 01:13:19 arch kernel: i801_smbus 0000:00:1f.4: SPD Write Disable is set
Jun 21 01:13:19 arch kernel: i801_smbus 0000:00:1f.4: SMBus using PCI interrupt
Jun 21 01:13:19 arch kernel: e1000e 0000:00:1f.6 enp0s31f6: renamed from eth0
Jun 21 01:13:19 arch systemd[1]: Created slice Slice /system/systemd-backlight.
Jun 21 01:13:19 arch systemd[1]: Starting Load/Save Screen Backlight Brightness of backlight:intel_backlight...
Jun 21 01:13:19 arch kernel: mei_me 0000:00:16.0: enabling device (0000 -> 0002)
Jun 21 01:13:19 arch kernel: AVX2 version of gcm_enc/dec engaged.
Jun 21 01:13:19 arch kernel: AES CTR mode by8 optimization enabled
Jun 21 01:13:19 arch systemd[1]: Rebuild Dynamic Linker Cache was skipped because all trigger condition checks failed.
Jun 21 01:13:19 arch systemd[1]: Set Up Additional Binary Formats was skipped because all trigger condition checks failed.
Jun 21 01:13:19 arch systemd[1]: Store a System Token in an EFI Variable was skipped because of a failed condition check (ConditionPathExists=/sys/firmware/efi/efivars/LoaderFeatures-4a67b082-0a4c-41cf-b6c7-440b29bb8c4f).
Jun 21 01:13:19 arch systemd[1]: First Boot Wizard was skipped because of a failed condition check (ConditionFirstBoot=yes).
Jun 21 01:13:19 arch systemd[1]: First Boot Complete was skipped because of a failed condition check (ConditionFirstBoot=yes).
Jun 21 01:13:19 arch systemd[1]: Rebuild Hardware Database was skipped because of a failed condition check (ConditionNeedsUpdate=/etc).
Jun 21 01:13:19 arch systemd[1]: Commit a transient machine-id on disk was skipped because of a failed condition check (ConditionPathIsMountPoint=/etc/machine-id).
Jun 21 01:13:19 arch systemd[1]: Repartition Root Disk was skipped because all trigger condition checks failed.
Jun 21 01:13:19 arch systemd[1]: Create System Users was skipped because of a failed condition check (ConditionNeedsUpdate=/etc).
Jun 21 01:13:19 arch kernel: i2c i2c-9: 2/2 memory slots populated (from DMI)
Jun 21 01:13:19 arch kernel: i2c i2c-9: Successfully instantiated SPD at 0x50
Jun 21 01:13:19 arch systemd[1]: Finished Create Volatile Files and Directories.
Jun 21 01:13:19 arch audit[1]: SERVICE_START pid=1 uid=0 auid=4294967295 ses=4294967295 msg='unit=systemd-tmpfiles-setup comm="systemd" exe="/usr/lib/systemd/systemd" hostname=? addr=? terminal=? res=success'
Jun 21 01:13:19 arch systemd[1]: Rebuild Journal Catalog was skipped because of a failed condition check (ConditionNeedsUpdate=/var).
Jun 21 01:13:19 arch audit: BPF prog-id=12 op=LOAD
Jun 21 01:13:19 arch systemd[1]: Starting Network Time Synchronization...
Jun 21 01:13:19 arch systemd[1]: Update is Completed was skipped because all trigger condition checks failed.
Jun 21 01:13:19 arch systemd[1]: Starting Record System Boot/Shutdown in UTMP...
Jun 21 01:13:19 arch audit[500]: SYSTEM_BOOT pid=500 uid=0 auid=4294967295 ses=4294967295 msg=' comm="systemd-update-utmp" exe="/usr/lib/systemd/systemd-update-utmp" hostname=? addr=? terminal=? res=success'
Jun 21 01:13:19 arch systemd[1]: Finished Record System Boot/Shutdown in UTMP.
Jun 21 01:13:19 arch audit[1]: SERVICE_START pid=1 uid=0 auid=4294967295 ses=4294967295 msg='unit=systemd-update-utmp comm="systemd" exe="/usr/lib/systemd/systemd" hostname=? addr=? terminal=? res=success'
Jun 21 01:13:19 arch kernel: iTCO_vendor_support: vendor-support=0
Jun 21 01:13:19 arch systemd[1]: Rebuild Dynamic Linker Cache was skipped because all trigger condition checks failed.
Jun 21 01:13:19 arch systemd[1]: Set Up Additional Binary Formats was skipped because all trigger condition checks failed.
Jun 21 01:13:19 arch systemd[1]: Store a System Token in an EFI Variable was skipped because of a failed condition check (ConditionPathExists=/sys/firmware/efi/efivars/LoaderFeatures-4a67b082-0a4c-41cf-b6c7-440b29bb8c4f).
Jun 21 01:13:19 arch systemd[1]: First Boot Wizard was skipped because of a failed condition check (ConditionFirstBoot=yes).
Jun 21 01:13:19 arch systemd[1]: First Boot Complete was skipped because of a failed condition check (ConditionFirstBoot=yes).
Jun 21 01:13:19 arch systemd[1]: Rebuild Hardware Database was skipped because of a failed condition check (ConditionNeedsUpdate=/etc).
Jun 21 01:13:19 arch systemd[1]: Rebuild Journal Catalog was skipped because of a failed condition check (ConditionNeedsUpdate=/var).
Jun 21 01:13:19 arch systemd[1]: Commit a transient machine-id on disk was skipped because of a failed condition check (ConditionPathIsMountPoint=/etc/machine-id).
Jun 21 01:13:19 arch systemd[1]: Repartition Root Disk was skipped because all trigger condition checks failed.
Jun 21 01:13:19 arch systemd[1]: Create System Users was skipped because of a failed condition check (ConditionNeedsUpdate=/etc).
Jun 21 01:13:19 arch systemd[1]: Update is Completed was skipped because all trigger condition checks failed.
Jun 21 01:13:19 arch systemd[1]: Started Network Time Synchronization.
Jun 21 01:13:19 arch systemd[1]: Reached target System Time Set.
Jun 21 01:13:19 arch audit[1]: SERVICE_START pid=1 uid=0 auid=4294967295 ses=4294967295 msg='unit=systemd-timesyncd comm="systemd" exe="/usr/lib/systemd/systemd" hostname=? addr=? terminal=? res=success'
Jun 21 01:13:19 arch kernel: ee1004 9-0050: 512 byte EE1004-compliant SPD EEPROM, read-only
Jun 21 01:13:19 arch kernel: usbcore: registered new interface driver snd-usb-audio
Jun 21 01:13:19 arch kernel: hp_wmi: query 0x4 returned error 0x5
Jun 21 01:13:19 arch kernel: iTCO_wdt iTCO_wdt: Found a Intel PCH TCO device (Version=4, TCOBASE=0x0400)
Jun 21 01:13:19 arch kernel: iTCO_wdt iTCO_wdt: initialized. heartbeat=30 sec (nowayout=0)
Jun 21 01:13:19 arch kernel: usb 1-9: Found UVC 1.00 device HP HD Camera (04ca:7054)
Jun 21 01:13:19 arch systemd[1]: Reached target Sound Card.
Jun 21 01:13:19 arch kernel: input: HP HD Camera: HP HD Camera as /devices/pci0000:00/0000:00:14.0/usb1/1-9/1-9:1.0/input/input24
